Archive member included to satisfy reference by file (symbol)

c:/program files (x86)/gnu tools arm embedded/8 2019-q3-update/bin/../lib/gcc/arm-none-eabi/8.3.1/../../../../arm-none-eabi/lib/thumb/v7-m/nofp\libc_nano.a(lib_a-exit.o)
                              c:/program files (x86)/gnu tools arm embedded/8 2019-q3-update/bin/../lib/gcc/arm-none-eabi/8.3.1/../../../../arm-none-eabi/lib/thumb/v7-m/nofp/crt0.o (exit)
c:/program files (x86)/gnu tools arm embedded/8 2019-q3-update/bin/../lib/gcc/arm-none-eabi/8.3.1/../../../../arm-none-eabi/lib/thumb/v7-m/nofp\libc_nano.a(lib_a-impure.o)
                              c:/program files (x86)/gnu tools arm embedded/8 2019-q3-update/bin/../lib/gcc/arm-none-eabi/8.3.1/../../../../arm-none-eabi/lib/thumb/v7-m/nofp\libc_nano.a(lib_a-exit.o) (_global_impure_ptr)
c:/program files (x86)/gnu tools arm embedded/8 2019-q3-update/bin/../lib/gcc/arm-none-eabi/8.3.1/../../../../arm-none-eabi/lib/thumb/v7-m/nofp\libc_nano.a(lib_a-init.o)
                              c:/program files (x86)/gnu tools arm embedded/8 2019-q3-update/bin/../lib/gcc/arm-none-eabi/8.3.1/../../../../arm-none-eabi/lib/thumb/v7-m/nofp/crt0.o (__libc_init_array)
c:/program files (x86)/gnu tools arm embedded/8 2019-q3-update/bin/../lib/gcc/arm-none-eabi/8.3.1/../../../../arm-none-eabi/lib/thumb/v7-m/nofp\libc_nano.a(lib_a-memset.o)
                              c:/program files (x86)/gnu tools arm embedded/8 2019-q3-update/bin/../lib/gcc/arm-none-eabi/8.3.1/../../../../arm-none-eabi/lib/thumb/v7-m/nofp/crt0.o (memset)
c:/program files (x86)/gnu tools arm embedded/8 2019-q3-update/bin/../lib/gcc/arm-none-eabi/8.3.1/../../../../arm-none-eabi/lib/thumb/v7-m/nofp\libc_nano.a(lib_a-puts.o)
                              build/pid.o (puts)
c:/program files (x86)/gnu tools arm embedded/8 2019-q3-update/bin/../lib/gcc/arm-none-eabi/8.3.1/../../../../arm-none-eabi/lib/thumb/v7-m/nofp\libc_nano.a(lib_a-wbuf.o)
                              c:/program files (x86)/gnu tools arm embedded/8 2019-q3-update/bin/../lib/gcc/arm-none-eabi/8.3.1/../../../../arm-none-eabi/lib/thumb/v7-m/nofp\libc_nano.a(lib_a-puts.o) (__swbuf_r)
c:/program files (x86)/gnu tools arm embedded/8 2019-q3-update/bin/../lib/gcc/arm-none-eabi/8.3.1/../../../../arm-none-eabi/lib/thumb/v7-m/nofp\libc_nano.a(lib_a-wsetup.o)
                              c:/program files (x86)/gnu tools arm embedded/8 2019-q3-update/bin/../lib/gcc/arm-none-eabi/8.3.1/../../../../arm-none-eabi/lib/thumb/v7-m/nofp\libc_nano.a(lib_a-puts.o) (__swsetup_r)
c:/program files (x86)/gnu tools arm embedded/8 2019-q3-update/bin/../lib/gcc/arm-none-eabi/8.3.1/../../../../arm-none-eabi/lib/thumb/v7-m/nofp\libc_nano.a(lib_a-fflush.o)
                              c:/program files (x86)/gnu tools arm embedded/8 2019-q3-update/bin/../lib/gcc/arm-none-eabi/8.3.1/../../../../arm-none-eabi/lib/thumb/v7-m/nofp\libc_nano.a(lib_a-wbuf.o) (_fflush_r)
c:/program files (x86)/gnu tools arm embedded/8 2019-q3-update/bin/../lib/gcc/arm-none-eabi/8.3.1/../../../../arm-none-eabi/lib/thumb/v7-m/nofp\libc_nano.a(lib_a-findfp.o)
                              c:/program files (x86)/gnu tools arm embedded/8 2019-q3-update/bin/../lib/gcc/arm-none-eabi/8.3.1/../../../../arm-none-eabi/lib/thumb/v7-m/nofp\libc_nano.a(lib_a-puts.o) (__sinit)
c:/program files (x86)/gnu tools arm embedded/8 2019-q3-update/bin/../lib/gcc/arm-none-eabi/8.3.1/../../../../arm-none-eabi/lib/thumb/v7-m/nofp\libc_nano.a(lib_a-fwalk.o)
                              c:/program files (x86)/gnu tools arm embedded/8 2019-q3-update/bin/../lib/gcc/arm-none-eabi/8.3.1/../../../../arm-none-eabi/lib/thumb/v7-m/nofp\libc_nano.a(lib_a-findfp.o) (_fwalk)
c:/program files (x86)/gnu tools arm embedded/8 2019-q3-update/bin/../lib/gcc/arm-none-eabi/8.3.1/../../../../arm-none-eabi/lib/thumb/v7-m/nofp\libc_nano.a(lib_a-lock.o)
                              c:/program files (x86)/gnu tools arm embedded/8 2019-q3-update/bin/../lib/gcc/arm-none-eabi/8.3.1/../../../../arm-none-eabi/lib/thumb/v7-m/nofp\libc_nano.a(lib_a-findfp.o) (__retarget_lock_init_recursive)
c:/program files (x86)/gnu tools arm embedded/8 2019-q3-update/bin/../lib/gcc/arm-none-eabi/8.3.1/../../../../arm-none-eabi/lib/thumb/v7-m/nofp\libc_nano.a(lib_a-makebuf.o)
                              c:/program files (x86)/gnu tools arm embedded/8 2019-q3-update/bin/../lib/gcc/arm-none-eabi/8.3.1/../../../../arm-none-eabi/lib/thumb/v7-m/nofp\libc_nano.a(lib_a-wsetup.o) (__smakebuf_r)
c:/program files (x86)/gnu tools arm embedded/8 2019-q3-update/bin/../lib/gcc/arm-none-eabi/8.3.1/../../../../arm-none-eabi/lib/thumb/v7-m/nofp\libc_nano.a(lib_a-nano-freer.o)
                              c:/program files (x86)/gnu tools arm embedded/8 2019-q3-update/bin/../lib/gcc/arm-none-eabi/8.3.1/../../../../arm-none-eabi/lib/thumb/v7-m/nofp\libc_nano.a(lib_a-wsetup.o) (_free_r)
[...]
Memory Configuration

Name             Origin             Length             Attributes
RAM              0x20000000         0x00005000         xrw
FLASH            0x08000000         0x00010000         xr
*default*        0x00000000         0xffffffff

Linker script and memory map

LOAD c:/program files (x86)/gnu tools arm embedded/8 2019-q3-update/bin/../lib/gcc/arm-none-eabi/8.3.1/thumb/v7-m/nofp/crti.o
LOAD c:/program files (x86)/gnu tools arm embedded/8 2019-q3-update/bin/../lib/gcc/arm-none-eabi/8.3.1/thumb/v7-m/nofp/crtbegin.o
LOAD c:/program files (x86)/gnu tools arm embedded/8 2019-q3-update/bin/../lib/gcc/arm-none-eabi/8.3.1/../../../../arm-none-eabi/lib/thumb/v7-m/nofp/crt0.o
LOAD build/main.o
LOAD build/stm32f1xx_it.o
LOAD build/motor.o
LOAD build/pid.o
LOAD build/stm32f1xx_hal_msp.o
LOAD build/stm32f1xx_hal_gpio_ex.o
LOAD build/stm32f1xx_hal_tim.o
LOAD build/stm32f1xx_hal_tim_ex.o
LOAD build/stm32f1xx_hal.o
LOAD build/stm32f1xx_hal_rcc.o
LOAD build/stm32f1xx_hal_rcc_ex.o
LOAD build/stm32f1xx_hal_gpio.o
LOAD build/stm32f1xx_hal_dma.o
LOAD build/stm32f1xx_hal_cortex.o
LOAD build/stm32f1xx_hal_pwr.o
LOAD build/stm32f1xx_hal_flash.o
LOAD build/stm32f1xx_hal_flash_ex.o
LOAD build/stm32f1xx_hal_exti.o
LOAD build/system_stm32f1xx.o
LOAD build/gpio.o
LOAD build/usart.o
LOAD build/stm32f1xx_hal_uart.o
LOAD build/tim.o
LOAD build/startup_stm32f103xb.o
LOAD c:/program files (x86)/gnu tools arm embedded/8 2019-q3-update/bin/../lib/gcc/arm-none-eabi/8.3.1/../../../../arm-none-eabi/lib/thumb/v7-m/nofp\libc_nano.a
LOAD c:/program files (x86)/gnu tools arm embedded/8 2019-q3-update/bin/../lib/gcc/arm-none-eabi/8.3.1/../../../../arm-none-eabi/lib/thumb/v7-m/nofp\libm.a
LOAD c:/program files (x86)/gnu tools arm embedded/8 2019-q3-update/bin/../lib/gcc/arm-none-eabi/8.3.1/../../../../arm-none-eabi/lib/thumb/v7-m/nofp\libnosys.a
START GROUP
LOAD c:/program files (x86)/gnu tools arm embedded/8 2019-q3-update/bin/../lib/gcc/arm-none-eabi/8.3.1/thumb/v7-m/nofp\libgcc.a
LOAD c:/program files (x86)/gnu tools arm embedded/8 2019-q3-update/bin/../lib/gcc/arm-none-eabi/8.3.1/../../../../arm-none-eabi/lib/thumb/v7-m/nofp\libc_nano.a
END GROUP
START GROUP
LOAD c:/program files (x86)/gnu tools arm embedded/8 2019-q3-update/bin/../lib/gcc/arm-none-eabi/8.3.1/thumb/v7-m/nofp\libgcc.a
LOAD c:/program files (x86)/gnu tools arm embedded/8 2019-q3-update/bin/../lib/gcc/arm-none-eabi/8.3.1/../../../../arm-none-eabi/lib/thumb/v7-m/nofp\libc_nano.a
END GROUP
LOAD c:/program files (x86)/gnu tools arm embedded/8 2019-q3-update/bin/../lib/gcc/arm-none-eabi/8.3.1/thumb/v7-m/nofp/crtend.o
LOAD c:/program files (x86)/gnu tools arm embedded/8 2019-q3-update/bin/../lib/gcc/arm-none-eabi/8.3.1/thumb/v7-m/nofp/crtn.o
                0x20005000                _estack = (ORIGIN (RAM) + LENGTH (RAM))
                0x00000200                _Min_Heap_Size = 0x200
                0x00000400                _Min_Stack_Size = 0x400

.isr_vector     0x08000000      0x10c
                0x08000000                . = ALIGN (0x4)
 *(.isr_vector)
 .isr_vector    0x08000000      0x10c build/startup_stm32f103xb.o
                0x08000000                g_pfnVectors
                0x0800010c                . = ALIGN (0x4)

.text           0x0800010c     0x2a8c
                0x0800010c                . = ALIGN (0x4)
 *(.text)
 .text          0x0800010c       0x40 c:/program files (x86)/gnu tools arm embedded/8 2019-q3-update/bin/../lib/gcc/arm-none-eabi/8.3.1/thumb/v7-m/nofp/crtbegin.o
 .text          0x0800014c      0x21c c:/program files (x86)/gnu tools arm embedded/8 2019-q3-update/bin/../lib/gcc/arm-none-eabi/8.3.1/thumb/v7-m/nofp\libgcc.a(_arm_addsubsf3.o)
                0x0800014c                __aeabi_frsub
                0x08000154                __subsf3
                0x08000154                __aeabi_fsub
                0x08000158                __aeabi_fadd
                0x08000158                __addsf3
                0x080002b8                __aeabi_ui2f
                0x080002b8                __floatunsisf
                0x080002c0                __aeabi_i2f
                0x080002c0                __floatsisf
                0x080002dc                __aeabi_ul2f
                0x080002dc                __floatundisf
                0x080002ec                __aeabi_l2f
                0x080002ec                __floatdisf
 .text          0x08000368      0x2a0 c:/program files (x86)/gnu tools arm embedded/8 2019-q3-update/bin/../lib/gcc/arm-none-eabi/8.3.1/thumb/v7-m/nofp\libgcc.a(_arm_muldivsf3.o)
                0x08000368                __mulsf3
                0x08000368                __aeabi_fmul
                0x080004d0                __aeabi_fdiv
                0x080004d0                __divsf3
 .text          0x08000608       0xec c:/program files (x86)/gnu tools arm embedded/8 2019-q3-update/bin/../lib/gcc/arm-none-eabi/8.3.1/thumb/v7-m/nofp\libgcc.a(_arm_cmpsf2.o)
                0x08000608                __gesf2
                0x08000608                __gtsf2
                0x08000610                __lesf2
                0x08000610                __ltsf2
                0x08000618                __nesf2
                0x08000618                __eqsf2
                0x08000618                __cmpsf2
                0x08000678                __aeabi_cfrcmple
                0x08000680                __aeabi_cfcmpeq
                0x08000680                __aeabi_cfcmple
                0x08000690                __aeabi_fcmpeq
                0x080006a4                __aeabi_fcmplt
                0x080006b8                __aeabi_fcmple
                0x080006cc                __aeabi_fcmpge
                0x080006e0                __aeabi_fcmpgt
 .text          0x080006f4       0x4c c:/program files (x86)/gnu tools arm embedded/8 2019-q3-update/bin/../lib/gcc/arm-none-eabi/8.3.1/thumb/v7-m/nofp\libgcc.a(_arm_fixsfsi.o)
                0x080006f4                __aeabi_f2iz
                0x080006f4                __fixsfsi
 .text          0x08000740       0x40 c:/program files (x86)/gnu tools arm embedded/8 2019-q3-update/bin/../lib/gcc/arm-none-eabi/8.3.1/thumb/v7-m/nofp\libgcc.a(_arm_fixunssfsi.o)
                0x08000740                __fixunssfsi
                0x08000740                __aeabi_f2uiz
 *(.text*)
 .text.Error_Handler
                0x08000780        0x4 build/main.o
                0x08000780                Error_Handler
 .text.SystemClock_Config
                0x08000784       0x62 build/main.o
                0x08000784                SystemClock_Config
 *fill*         0x080007e6        0x2 
 .text.main     0x080007e8      0x334 build/main.o
                0x080007e8                main
 .text.NMI_Handler
                0x08000b1c        0x2 build/stm32f1xx_it.o
                0x08000b1c                NMI_Handler
 .text.HardFault_Handler
                0x08000b1e        0x2 build/stm32f1xx_it.o
                0x08000b1e                HardFault_Handler
 .text.MemManage_Handler
                0x08000b20        0x2 build/stm32f1xx_it.o
                0x08000b20                MemManage_Handler
 .text.BusFault_Handler
                0x08000b22        0x2 build/stm32f1xx_it.o
                0x08000b22                BusFault_Handler
 .text.UsageFault_Handler
                0x08000b24        0x2 build/stm32f1xx_it.o
                0x08000b24                UsageFault_Handler
 .text.SVC_Handler
                0x08000b26        0x2 build/stm32f1xx_it.o
                0x08000b26                SVC_Handler
 .text.DebugMon_Handler
                0x08000b28        0x2 build/stm32f1xx_it.o
                0x08000b28                DebugMon_Handler
 .text.PendSV_Handler
                0x08000b2a        0x2 build/stm32f1xx_it.o
                0x08000b2a                PendSV_Handler
 .text.SysTick_Handler
                0x08000b2c        0x8 build/stm32f1xx_it.o
                0x08000b2c                SysTick_Handler
 .text.TIM4_IRQHandler
                0x08000b34       0x10 build/stm32f1xx_it.o
                0x08000b34                TIM4_IRQHandler
 .text.USART2_IRQHandler
                0x08000b44       0x78 build/stm32f1xx_it.o
                0x08000b44                USART2_IRQHandler
 .text.HAL_MspInit
                0x08000bbc       0x44 build/stm32f1xx_hal_msp.o
                0x08000bbc                HAL_MspInit
 .text.TIM_OC1_SetConfig
                0x08000c00       0x5c build/stm32f1xx_hal_tim.o
 .text.TIM_OC3_SetConfig
                0x08000c5c       0x64 build/stm32f1xx_hal_tim.o
 .text.TIM_OC4_SetConfig
                0x08000cc0       0x48 build/stm32f1xx_hal_tim.o
 .text.TIM_TI1_ConfigInputStage
                0x08000d08       0x24 build/stm32f1xx_hal_tim.o
 .text.TIM_TI2_ConfigInputStage
                0x08000d2c       0x26 build/stm32f1xx_hal_tim.o
 .text.TIM_ITRx_SetConfig
                0x08000d52       0x10 build/stm32f1xx_hal_tim.o
 *fill*         0x08000d62        0x2 
 .text.HAL_TIM_Base_Start_IT
                0x08000d64       0x68 build/stm32f1xx_hal_tim.o
                0x08000d64                HAL_TIM_Base_Start_IT
 .text.HAL_TIM_PeriodElapsedCallback
                0x08000dcc        0x2 build/stm32f1xx_hal_tim.o
                0x08000dcc                HAL_TIM_PeriodElapsedCallback
 .text.HAL_TIM_OC_DelayElapsedCallback
                0x08000dce        0x2 build/stm32f1xx_hal_tim.o
                0x08000dce                HAL_TIM_OC_DelayElapsedCallback
 .text.HAL_TIM_IC_CaptureCallback
                0x08000dd0        0x2 build/stm32f1xx_hal_tim.o
                0x08000dd0                HAL_TIM_IC_CaptureCallback
 .text.HAL_TIM_PWM_PulseFinishedCallback
                0x08000dd2        0x2 build/stm32f1xx_hal_tim.o
                0x08000dd2                HAL_TIM_PWM_PulseFinishedCallback
 .text.HAL_TIM_TriggerCallback
                0x08000dd4        0x2 build/stm32f1xx_hal_tim.o
                0x08000dd4                HAL_TIM_TriggerCallback
 .text.HAL_TIM_IRQHandler
                0x08000dd6      0x17a build/stm32f1xx_hal_tim.o
                0x08000dd6                HAL_TIM_IRQHandler
 .text.TIM_Base_SetConfig
                0x08000f50       0x74 build/stm32f1xx_hal_tim.o
                0x08000f50                TIM_Base_SetConfig
 .text.HAL_TIM_Base_Init
                0x08000fc4       0x58 build/stm32f1xx_hal_tim.o
                0x08000fc4                HAL_TIM_Base_Init
 .text.HAL_TIM_PWM_Init
                0x0800101c       0x58 build/stm32f1xx_hal_tim.o
                0x0800101c                HAL_TIM_PWM_Init
 .text.HAL_TIM_Encoder_Init
                0x08001074       0xb0 build/stm32f1xx_hal_tim.o
                0x08001074                HAL_TIM_Encoder_Init
 .text.TIM_OC2_SetConfig
                0x08001124       0x64 build/stm32f1xx_hal_tim.o
                0x08001124                TIM_OC2_SetConfig
 .text.HAL_TIM_PWM_ConfigChannel
                0x08001188       0xdc build/stm32f1xx_hal_tim.o
                0x08001188                HAL_TIM_PWM_ConfigChannel
 .text.TIM_ETR_SetConfig
                0x08001264       0x16 build/stm32f1xx_hal_tim.o
                0x08001264                TIM_ETR_SetConfig
 .text.HAL_TIM_ConfigClockSource
                0x0800127a      0x100 build/stm32f1xx_hal_tim.o
                0x0800127a                HAL_TIM_ConfigClockSource
 .text.TIM_CCxChannelCmd
                0x0800137a       0x20 build/stm32f1xx_hal_tim.o
                0x0800137a                TIM_CCxChannelCmd
 *fill*         0x0800139a        0x2 
 .text.HAL_TIM_PWM_Start
                0x0800139c       0xe4 build/stm32f1xx_hal_tim.o
                0x0800139c                HAL_TIM_PWM_Start
 .text.HAL_TIM_Encoder_Start
                0x08001480       0xc8 build/stm32f1xx_hal_tim.o
                0x08001480                HAL_TIM_Encoder_Start
 .text.HAL_TIMEx_MasterConfigSynchronization
                0x08001548       0x68 build/stm32f1xx_hal_tim_ex.o
                0x08001548                HAL_TIMEx_MasterConfigSynchronization
 .text.HAL_TIMEx_ConfigBreakDeadTime
                0x080015b0       0x52 build/stm32f1xx_hal_tim_ex.o
                0x080015b0                HAL_TIMEx_ConfigBreakDeadTime
 .text.HAL_TIMEx_CommutCallback
                0x08001602        0x2 build/stm32f1xx_hal_tim_ex.o
                0x08001602                HAL_TIMEx_CommutCallback
 .text.HAL_TIMEx_BreakCallback
                0x08001604        0x2 build/stm32f1xx_hal_tim_ex.o
                0x08001604                HAL_TIMEx_BreakCallback
 *fill*         0x08001606        0x2 
 .text.HAL_InitTick
                0x08001608       0x4c build/stm32f1xx_hal.o
                0x08001608                HAL_InitTick
 .text.HAL_Init
                0x08001654       0x24 build/stm32f1xx_hal.o
                0x08001654                HAL_Init
 .text.HAL_IncTick
                0x08001678       0x18 build/stm32f1xx_hal.o
                0x08001678                HAL_IncTick
 .text.HAL_GetTick
                0x08001690        0xc build/stm32f1xx_hal.o
                0x08001690                HAL_GetTick
 .text.HAL_Delay
                0x0800169c       0x28 build/stm32f1xx_hal.o
                0x0800169c                HAL_Delay
 .text.RCC_Delay
                0x080016c4       0x2c build/stm32f1xx_hal_rcc.o
 .text.HAL_RCC_OscConfig
                0x080016f0      0x410 build/stm32f1xx_hal_rcc.o
                0x080016f0                HAL_RCC_OscConfig
 .text.HAL_RCC_GetSysClockFreq
                0x08001b00       0x54 build/stm32f1xx_hal_rcc.o
                0x08001b00                HAL_RCC_GetSysClockFreq
 .text.HAL_RCC_ClockConfig
                0x08001b54      0x16c build/stm32f1xx_hal_rcc.o
                0x08001b54                HAL_RCC_ClockConfig
 .text.HAL_RCC_GetHCLKFreq
                0x08001cc0        0xc build/stm32f1xx_hal_rcc.o
                0x08001cc0                HAL_RCC_GetHCLKFreq
 .text.HAL_RCC_GetPCLK1Freq
                0x08001ccc       0x20 build/stm32f1xx_hal_rcc.o
                0x08001ccc                HAL_RCC_GetPCLK1Freq
 .text.HAL_RCC_GetPCLK2Freq
                0x08001cec       0x20 build/stm32f1xx_hal_rcc.o
                0x08001cec                HAL_RCC_GetPCLK2Freq
 .text.HAL_GPIO_Init
                0x08001d0c      0x1d8 build/stm32f1xx_hal_gpio.o
                0x08001d0c                HAL_GPIO_Init
 .text.HAL_GPIO_WritePin
                0x08001ee4        0xc build/stm32f1xx_hal_gpio.o
                0x08001ee4                HAL_GPIO_WritePin
 .text.HAL_DMA_Abort
                0x08001ef0       0x46 build/stm32f1xx_hal_dma.o
                0x08001ef0                HAL_DMA_Abort
 *fill*         0x08001f36        0x2 
 .text.HAL_DMA_Abort_IT
                0x08001f38       0x98 build/stm32f1xx_hal_dma.o
                0x08001f38                HAL_DMA_Abort_IT
 .text.HAL_NVIC_SetPriorityGrouping
                0x08001fd0       0x24 build/stm32f1xx_hal_cortex.o
                0x08001fd0                HAL_NVIC_SetPriorityGrouping
 .text.HAL_NVIC_SetPriority
                0x08001ff4       0x68 build/stm32f1xx_hal_cortex.o
                0x08001ff4                HAL_NVIC_SetPriority
 .text.HAL_NVIC_EnableIRQ
                0x0800205c       0x1c build/stm32f1xx_hal_cortex.o
                0x0800205c                HAL_NVIC_EnableIRQ
 .text.HAL_SYSTICK_Config
                0x08002078       0x2c build/stm32f1xx_hal_cortex.o
                0x08002078                HAL_SYSTICK_Config
 .text.SystemInit
                0x080020a4        0x2 build/system_stm32f1xx.o
                0x080020a4                SystemInit
 *fill*         0x080020a6        0x2 
 .text.MX_GPIO_Init
                0x080020a8       0x78 build/gpio.o
                0x080020a8                MX_GPIO_Init
 .text.MX_USART2_UART_Init
                0x08002120       0x34 build/usart.o
                0x08002120                MX_USART2_UART_Init
 .text.HAL_UART_MspInit
                0x08002154       0x88 build/usart.o
                0x08002154                HAL_UART_MspInit
 .text.UART_EndRxTransfer
                0x080021dc       0x5c build/stm32f1xx_hal_uart.o
 .text.UART_Transmit_IT
                0x08002238       0x5e build/stm32f1xx_hal_uart.o
 *fill*         0x08002296        0x2 
 .text.UART_SetConfig
                0x08002298       0x90 build/stm32f1xx_hal_uart.o
 .text.HAL_UART_Init
                0x08002328       0x60 build/stm32f1xx_hal_uart.o
                0x08002328                HAL_UART_Init
 .text.HAL_UART_TxCpltCallback
                0x08002388        0x2 build/stm32f1xx_hal_uart.o
                0x08002388                HAL_UART_TxCpltCallback
 .text.UART_EndTransmit_IT
                0x0800238a       0x1a build/stm32f1xx_hal_uart.o
 .text.HAL_UART_RxCpltCallback
                0x080023a4        0x2 build/stm32f1xx_hal_uart.o
                0x080023a4                HAL_UART_RxCpltCallback
 .text.HAL_UART_ErrorCallback
                0x080023a6        0x2 build/stm32f1xx_hal_uart.o
                0x080023a6                HAL_UART_ErrorCallback
 .text.UART_DMAAbortOnError
                0x080023a8       0x10 build/stm32f1xx_hal_uart.o
 .text.HAL_UARTEx_RxEventCallback
                0x080023b8        0x2 build/stm32f1xx_hal_uart.o
                0x080023b8                HAL_UARTEx_RxEventCallback
 .text.UART_Receive_IT
                0x080023ba       0xe4 build/stm32f1xx_hal_uart.o
 *fill*         0x0800249e        0x2 
 .text.HAL_UART_IRQHandler
                0x080024a0      0x284 build/stm32f1xx_hal_uart.o
                0x080024a0                HAL_UART_IRQHandler
 .text.HAL_UART_GetState
                0x08002724        0xc build/stm32f1xx_hal_uart.o
                0x08002724                HAL_UART_GetState
 .text.UART_Start_Receive_IT
                0x08002730       0x36 build/stm32f1xx_hal_uart.o
                0x08002730                UART_Start_Receive_IT
 .text.HAL_UART_Receive_IT
                0x08002766       0x26 build/stm32f1xx_hal_uart.o
                0x08002766                HAL_UART_Receive_IT
 .text.MX_TIM2_Init
                0x0800278c       0x60 build/tim.o
                0x0800278c                MX_TIM2_Init
 .text.MX_TIM3_Init
                0x080027ec       0x64 build/tim.o
                0x080027ec                MX_TIM3_Init
 .text.MX_TIM4_Init
                0x08002850       0x6c build/tim.o
                0x08002850                MX_TIM4_Init
 .text.HAL_TIM_PWM_MspInit
                0x080028bc       0x2c build/tim.o
                0x080028bc                HAL_TIM_PWM_MspInit
 .text.HAL_TIM_Encoder_MspInit
                0x080028e8       0x98 build/tim.o
                0x080028e8                HAL_TIM_Encoder_MspInit
 .text.HAL_TIM_Base_MspInit
                0x08002980       0x40 build/tim.o
                0x08002980                HAL_TIM_Base_MspInit
 .text.HAL_TIM_MspPostInit
                0x080029c0       0x50 build/tim.o
                0x080029c0                HAL_TIM_MspPostInit
 .text.MX_TIM1_Init
                0x08002a10       0xcc build/tim.o
                0x08002a10                MX_TIM1_Init
 .text.Reset_Handler
                0x08002adc       0x48 build/startup_stm32f103xb.o
                0x08002adc                Reset_Handler
 .text.Default_Handler
                0x08002b24        0x2 build/startup_stm32f103xb.o
                0x08002b24                RTC_Alarm_IRQHandler
                0x08002b24                EXTI2_IRQHandler
                0x08002b24                TIM1_CC_IRQHandler
                0x08002b24                PVD_IRQHandler
                0x08002b24                EXTI3_IRQHandler
                0x08002b24                EXTI0_IRQHandler
                0x08002b24                I2C2_EV_IRQHandler
                0x08002b24                ADC1_2_IRQHandler
                0x08002b24                SPI1_IRQHandler
                0x08002b24                TAMPER_IRQHandler
                0x08002b24                DMA1_Channel4_IRQHandler
                0x08002b24                USART3_IRQHandler
                0x08002b24                RTC_IRQHandler
                0x08002b24                DMA1_Channel7_IRQHandler
                0x08002b24                CAN1_RX1_IRQHandler
                0x08002b24                I2C1_EV_IRQHandler
                0x08002b24                DMA1_Channel6_IRQHandler
                0x08002b24                TIM3_IRQHandler
                0x08002b24                RCC_IRQHandler
                0x08002b24                TIM1_TRG_COM_IRQHandler
                0x08002b24                DMA1_Channel1_IRQHandler
                0x08002b24                Default_Handler
                0x08002b24                EXTI15_10_IRQHandler
                0x08002b24                EXTI9_5_IRQHandler
                0x08002b24                SPI2_IRQHandler
                0x08002b24                DMA1_Channel5_IRQHandler
                0x08002b24                EXTI4_IRQHandler
                0x08002b24                USB_LP_CAN1_RX0_IRQHandler
                0x08002b24                USB_HP_CAN1_TX_IRQHandler
                0x08002b24                DMA1_Channel3_IRQHandler
                0x08002b24                TIM1_UP_IRQHandler
                0x08002b24                WWDG_IRQHandler
                0x08002b24                TIM2_IRQHandler
                0x08002b24                TIM1_BRK_IRQHandler
                0x08002b24                EXTI1_IRQHandler
                0x08002b24                I2C2_ER_IRQHandler
                0x08002b24                DMA1_Channel2_IRQHandler
                0x08002b24                CAN1_SCE_IRQHandler
                0x08002b24                FLASH_IRQHandler
                0x08002b24                USART1_IRQHandler
                0x08002b24                I2C1_ER_IRQHandler
                0x08002b24                USBWakeUp_IRQHandler
 *fill*         0x08002b26        0x2 
 .text.__libc_init_array
                0x08002b28       0x48 c:/program files (x86)/gnu tools arm embedded/8 2019-q3-update/bin/../lib/gcc/arm-none-eabi/8.3.1/../../../../arm-none-eabi/lib/thumb/v7-m/nofp\libc_nano.a(lib_a-init.o)
                0x08002b28                __libc_init_array
 .text.memset   0x08002b70       0x10 c:/program files (x86)/gnu tools arm embedded/8 2019-q3-update/bin/../lib/gcc/arm-none-eabi/8.3.1/../../../../arm-none-eabi/lib/thumb/v7-m/nofp\libc_nano.a(lib_a-memset.o)
                0x08002b70                memset
 *(.glue_7)
 .glue_7        0x08002b80        0x0 linker stubs
 *(.glue_7t)
 .glue_7t       0x08002b80        0x0 linker stubs
 *(.eh_frame)
 .eh_frame      0x08002b80        0x0 c:/program files (x86)/gnu tools arm embedded/8 2019-q3-update/bin/../lib/gcc/arm-none-eabi/8.3.1/thumb/v7-m/nofp/crtbegin.o
 *(.init)
 .init          0x08002b80        0x4 c:/program files (x86)/gnu tools arm embedded/8 2019-q3-update/bin/../lib/gcc/arm-none-eabi/8.3.1/thumb/v7-m/nofp/crti.o
                0x08002b80                _init
 .init          0x08002b84        0x8 c:/program files (x86)/gnu tools arm embedded/8 2019-q3-update/bin/../lib/gcc/arm-none-eabi/8.3.1/thumb/v7-m/nofp/crtn.o
 *(.fini)
 .fini          0x08002b8c        0x4 c:/program files (x86)/gnu tools arm embedded/8 2019-q3-update/bin/../lib/gcc/arm-none-eabi/8.3.1/thumb/v7-m/nofp/crti.o
                0x08002b8c                _fini
 .fini          0x08002b90        0x8 c:/program files (x86)/gnu tools arm embedded/8 2019-q3-update/bin/../lib/gcc/arm-none-eabi/8.3.1/thumb/v7-m/nofp/crtn.o
                0x08002b98                . = ALIGN (0x4)
                0x08002b98                _etext = .

.vfp11_veneer   0x08002b98        0x0
 .vfp11_veneer  0x08002b98        0x0 linker stubs

.v4_bx          0x08002b98        0x0
 .v4_bx         0x08002b98        0x0 linker stubs

.iplt           0x08002b98        0x0
 .iplt          0x08002b98        0x0 c:/program files (x86)/gnu tools arm embedded/8 2019-q3-update/bin/../lib/gcc/arm-none-eabi/8.3.1/thumb/v7-m/nofp/crtbegin.o

.rodata         0x08002b98       0x2c
                0x08002b98                . = ALIGN (0x4)
 *(.rodata)
 *(.rodata*)
 .rodata.aPLLMULFactorTable.6246
                0x08002b98       0x10 build/stm32f1xx_hal_rcc.o
 .rodata.aPredivFactorTable.6247
                0x08002ba8        0x2 build/stm32f1xx_hal_rcc.o
 *fill*         0x08002baa        0x2 
 .rodata.AHBPrescTable
                0x08002bac       0x10 build/system_stm32f1xx.o
                0x08002bac                AHBPrescTable
 .rodata.APBPrescTable
                0x08002bbc        0x8 build/system_stm32f1xx.o
                0x08002bbc                APBPrescTable
                0x08002bc4                . = ALIGN (0x4)

.rel.dyn        0x08002bc4        0x0
 .rel.iplt      0x08002bc4        0x0 c:/program files (x86)/gnu tools arm embedded/8 2019-q3-update/bin/../lib/gcc/arm-none-eabi/8.3.1/thumb/v7-m/nofp/crtbegin.o

.ARM.extab
 *(.ARM.extab* .gnu.linkonce.armextab.*)

.ARM            0x08002bc4        0x0
                0x08002bc4                __exidx_start = .
 *(.ARM.exidx*)
                0x08002bc4                __exidx_end = .

.preinit_array  0x08002bc4        0x0
                0x08002bc4                PROVIDE (__preinit_array_start = .)
 *(.preinit_array*)
                0x08002bc4                PROVIDE (__preinit_array_end = .)

.init_array     0x08002bc4        0x4
                0x08002bc4                PROVIDE (__init_array_start = .)
 *(SORT_BY_NAME(.init_array.*))
 *(.init_array*)
 .init_array    0x08002bc4        0x4 c:/program files (x86)/gnu tools arm embedded/8 2019-q3-update/bin/../lib/gcc/arm-none-eabi/8.3.1/thumb/v7-m/nofp/crtbegin.o
                0x08002bc8                PROVIDE (__init_array_end = .)

.fini_array     0x08002bc8        0x4
                [!provide]                PROVIDE (__fini_array_start = .)
 *(SORT_BY_NAME(.fini_array.*))
 *(.fini_array*)
 .fini_array    0x08002bc8        0x4 c:/program files (x86)/gnu tools arm embedded/8 2019-q3-update/bin/../lib/gcc/arm-none-eabi/8.3.1/thumb/v7-m/nofp/crtbegin.o
                [!provide]                PROVIDE (__fini_array_end = .)
                0x08002bcc                _sidata = LOADADDR (.data)

.data           0x20000000       0x24 load address 0x08002bcc
                0x20000000                . = ALIGN (0x4)
                0x20000000                _sdata = .
 *(.data)
 *(.data*)
 .data.Kd       0x20000000        0x4 build/main.o
                0x20000000                Kd
 .data.Kd_v     0x20000004        0x4 build/main.o
                0x20000004                Kd_v
 .data.Ki       0x20000008        0x4 build/main.o
                0x20000008                Ki
 .data.Ki_v     0x2000000c        0x4 build/main.o
                0x2000000c                Ki_v
 .data.Kp       0x20000010        0x4 build/main.o
                0x20000010                Kp
 .data.Kp_v     0x20000014        0x4 build/main.o
                0x20000014                Kp_v
 .data.uwTickFreq
                0x20000018        0x1 build/stm32f1xx_hal.o
                0x20000018                uwTickFreq
 *fill*         0x20000019        0x3 
 .data.uwTickPrio
                0x2000001c        0x4 build/stm32f1xx_hal.o
                0x2000001c                uwTickPrio
 .data.SystemCoreClock
                0x20000020        0x4 build/system_stm32f1xx.o
                0x20000020                SystemCoreClock
                0x20000024                . = ALIGN (0x4)
                0x20000024                _edata = .

.igot.plt       0x20000024        0x0 load address 0x08002bf0
 .igot.plt      0x20000024        0x0 c:/program files (x86)/gnu tools arm embedded/8 2019-q3-update/bin/../lib/gcc/arm-none-eabi/8.3.1/thumb/v7-m/nofp/crtbegin.o
                0x20000024                . = ALIGN (0x4)

.bss            0x20000024      0x1f4 load address 0x08002bf0
                0x20000024                _sbss = .
                0x20000024                __bss_start__ = _sbss
 *(.bss)
 .bss           0x20000024       0x1c c:/program files (x86)/gnu tools arm embedded/8 2019-q3-update/bin/../lib/gcc/arm-none-eabi/8.3.1/thumb/v7-m/nofp/crtbegin.o
 *(.bss*)
 .bss.I_term_sum
                0x20000040        0x4 build/main.o
                0x20000040                I_term_sum
 .bss.I_term_v_sum
                0x20000044        0x4 build/main.o
                0x20000044                I_term_v_sum
 .bss.angle     0x20000048        0x2 build/main.o
                0x20000048                angle
 *fill*         0x2000004a        0x2 
 .bss.last_degree
                0x2000004c        0x4 build/main.o
                0x2000004c                last_degree
 .bss.last_speed
                0x20000050        0x4 build/main.o
                0x20000050                last_speed
 .bss.output    0x20000054        0x4 build/main.o
                0x20000054                output
 .bss.preview   0x20000058        0x4 build/main.o
                0x20000058                preview
 .bss.real_degree
                0x2000005c        0x4 build/main.o
                0x2000005c                real_degree
 .bss.real_speed
                0x20000060        0x4 build/main.o
                0x20000060                real_speed
 .bss.time      0x20000064        0x4 build/main.o
                0x20000064                time
 .bss.upright   0x20000068        0x2 build/main.o
                0x20000068                upright
 *fill*         0x2000006a        0x2 
 .bss.velocity  0x2000006c        0x4 build/main.o
                0x2000006c                velocity
 *(COMMON)
 COMMON         0x20000070       0x20 build/main.o
                0x20000070                P_term_v
                0x20000074                D_term
                0x20000078                I_term_v
                0x2000007c                buffer
                0x20000084                D_term_v
                0x20000088                I_term
                0x2000008c                P_term
 COMMON         0x20000090        0xa build/stm32f1xx_it.o
                0x20000090                temp2
                0x20000092                temp
                0x20000094                degree
 *fill*         0x2000009a        0x2 
 COMMON         0x2000009c        0xe build/motor.o
                0x2000009c                motor_right
                0x200000a4                motor_left
 *fill*         0x200000aa        0x2 
 COMMON         0x200000ac        0x4 build/stm32f1xx_hal.o
                0x200000ac                uwTick
 COMMON         0x200000b0       0x48 build/usart.o
                0x200000b0                huart2
 COMMON         0x200000f8      0x120 build/tim.o
                0x200000f8                htim4
                0x20000140                htim3
                0x20000188                htim1
                0x200001d0                htim2
                0x20000218                . = ALIGN (0x4)
                0x20000218                _ebss = .
                0x20000218                __bss_end__ = _ebss

._user_heap_stack
                0x20000218      0x600 load address 0x08002bf0
                0x20000218                . = ALIGN (0x8)
                0x20000218                PROVIDE (end = .)
                [!provide]                PROVIDE (_end = .)
                0x20000418                . = (. + _Min_Heap_Size)
 *fill*         0x20000218      0x200 
                0x20000818                . = (. + _Min_Stack_Size)
 *fill*         0x20000418      0x400 
                0x20000818                . = ALIGN (0x8)

/DISCARD/
 libc.a(*)
 libm.a(*)
 libgcc.a(*)

.ARM.attributes
                0x00000000       0x29
 *(.ARM.attributes)
 .ARM.attributes
                0x00000000       0x1d c:/program files (x86)/gnu tools arm embedded/8 2019-q3-update/bin/../lib/gcc/arm-none-eabi/8.3.1/thumb/v7-m/nofp/crti.o
 .ARM.attributes
                0x0000001d       0x2d c:/program files (x86)/gnu tools arm embedded/8 2019-q3-update/bin/../lib/gcc/arm-none-eabi/8.3.1/thumb/v7-m/nofp/crtbegin.o
 .ARM.attributes
                0x0000004a       0x2d build/main.o
 .ARM.attributes
                0x00000077       0x2d build/stm32f1xx_it.o
 .ARM.attributes
                0x000000a4       0x2d build/motor.o
 .ARM.attributes
                0x000000d1       0x2d build/stm32f1xx_hal_msp.o
 .ARM.attributes
                0x000000fe       0x2d build/stm32f1xx_hal_tim.o
 .ARM.attributes
                0x0000012b       0x2d build/stm32f1xx_hal_tim_ex.o
 .ARM.attributes
                0x00000158       0x2d build/stm32f1xx_hal.o
 .ARM.attributes
                0x00000185       0x2d build/stm32f1xx_hal_rcc.o
 .ARM.attributes
                0x000001b2       0x2d build/stm32f1xx_hal_gpio.o
 .ARM.attributes
                0x000001df       0x2d build/stm32f1xx_hal_dma.o
 .ARM.attributes
                0x0000020c       0x2d build/stm32f1xx_hal_cortex.o
 .ARM.attributes
                0x00000239       0x2d build/system_stm32f1xx.o
 .ARM.attributes
                0x00000266       0x2d build/gpio.o
 .ARM.attributes
                0x00000293       0x2d build/usart.o
 .ARM.attributes
                0x000002c0       0x2d build/stm32f1xx_hal_uart.o
 .ARM.attributes
                0x000002ed       0x2d build/tim.o
 .ARM.attributes
                0x0000031a       0x21 build/startup_stm32f103xb.o
 .ARM.attributes
                0x0000033b       0x2d c:/program files (x86)/gnu tools arm embedded/8 2019-q3-update/bin/../lib/gcc/arm-none-eabi/8.3.1/../../../../arm-none-eabi/lib/thumb/v7-m/nofp\libc_nano.a(lib_a-init.o)
 .ARM.attributes
                0x00000368       0x2d c:/program files (x86)/gnu tools arm embedded/8 2019-q3-update/bin/../lib/gcc/arm-none-eabi/8.3.1/../../../../arm-none-eabi/lib/thumb/v7-m/nofp\libc_nano.a(lib_a-memset.o)
 .ARM.attributes
                0x00000395       0x1d c:/program files (x86)/gnu tools arm embedded/8 2019-q3-update/bin/../lib/gcc/arm-none-eabi/8.3.1/thumb/v7-m/nofp\libgcc.a(_arm_addsubsf3.o)
 .ARM.attributes
                0x000003b2       0x1d c:/program files (x86)/gnu tools arm embedded/8 2019-q3-update/bin/../lib/gcc/arm-none-eabi/8.3.1/thumb/v7-m/nofp\libgcc.a(_arm_muldivsf3.o)
 .ARM.attributes
                0x000003cf       0x1d c:/program files (x86)/gnu tools arm embedded/8 2019-q3-update/bin/../lib/gcc/arm-none-eabi/8.3.1/thumb/v7-m/nofp\libgcc.a(_arm_cmpsf2.o)
 .ARM.attributes
                0x000003ec       0x1d c:/program files (x86)/gnu tools arm embedded/8 2019-q3-update/bin/../lib/gcc/arm-none-eabi/8.3.1/thumb/v7-m/nofp\libgcc.a(_arm_fixsfsi.o)
 .ARM.attributes
                0x00000409       0x1d c:/program files (x86)/gnu tools arm embedded/8 2019-q3-update/bin/../lib/gcc/arm-none-eabi/8.3.1/thumb/v7-m/nofp\libgcc.a(_arm_fixunssfsi.o)
 .ARM.attributes
                0x00000426       0x1d c:/program files (x86)/gnu tools arm embedded/8 2019-q3-update/bin/../lib/gcc/arm-none-eabi/8.3.1/thumb/v7-m/nofp/crtn.o
OUTPUT(build/Car.elf elf32-littlearm)

.debug_info     0x00000000    0x13b1e
 .debug_info    0x00000000     0x1c0d build/main.o
 .debug_info    0x00001c0d      0xd09 build/stm32f1xx_it.o
 .debug_info    0x00002916      0xba7 build/motor.o
 .debug_info    0x000034bd      0x332 build/stm32f1xx_hal_msp.o
 .debug_info    0x000037ef     0x40fa build/stm32f1xx_hal_tim.o
 .debug_info    0x000078e9     0x1cd4 build/stm32f1xx_hal_tim_ex.o
 .debug_info    0x000095bd      0x8e4 build/stm32f1xx_hal.o
 .debug_info    0x00009ea1      0xb71 build/stm32f1xx_hal_rcc.o
 .debug_info    0x0000aa12      0x7d1 build/stm32f1xx_hal_gpio.o
 .debug_info    0x0000b1e3      0x9ba build/stm32f1xx_hal_dma.o
 .debug_info    0x0000bb9d      0xf09 build/stm32f1xx_hal_cortex.o
 .debug_info    0x0000caa6      0x2f7 build/system_stm32f1xx.o
 .debug_info    0x0000cd9d      0x427 build/gpio.o
 .debug_info    0x0000d1c4      0xba2 build/usart.o
 .debug_info    0x0000dd66     0x4956 build/stm32f1xx_hal_uart.o
 .debug_info    0x000126bc     0x1440 build/tim.o
 .debug_info    0x00013afc       0x22 build/startup_stm32f103xb.o

.debug_abbrev   0x00000000     0x25ab
 .debug_abbrev  0x00000000      0x2e7 build/main.o
 .debug_abbrev  0x000002e7      0x1ec build/stm32f1xx_it.o
 .debug_abbrev  0x000004d3      0x1e5 build/motor.o
 .debug_abbrev  0x000006b8      0x130 build/stm32f1xx_hal_msp.o
 .debug_abbrev  0x000007e8      0x2d4 build/stm32f1xx_hal_tim.o
 .debug_abbrev  0x00000abc      0x2bc build/stm32f1xx_hal_tim_ex.o
 .debug_abbrev  0x00000d78      0x21c build/stm32f1xx_hal.o
 .debug_abbrev  0x00000f94      0x2cb build/stm32f1xx_hal_rcc.o
 .debug_abbrev  0x0000125f      0x24f build/stm32f1xx_hal_gpio.o
 .debug_abbrev  0x000014ae      0x283 build/stm32f1xx_hal_dma.o
 .debug_abbrev  0x00001731      0x38a build/stm32f1xx_hal_cortex.o
 .debug_abbrev  0x00001abb      0x153 build/system_stm32f1xx.o
 .debug_abbrev  0x00001c0e      0x17e build/gpio.o
 .debug_abbrev  0x00001d8c      0x1fa build/usart.o
 .debug_abbrev  0x00001f86      0x36c build/stm32f1xx_hal_uart.o
 .debug_abbrev  0x000022f2      0x2a7 build/tim.o
 .debug_abbrev  0x00002599       0x12 build/startup_stm32f103xb.o

.debug_loc      0x00000000     0xfd87
 .debug_loc     0x00000000       0x66 build/main.o
 .debug_loc     0x00000066       0x82 build/stm32f1xx_it.o
 .debug_loc     0x000000e8       0x41 build/stm32f1xx_hal_msp.o
 .debug_loc     0x00000129     0x64cd build/stm32f1xx_hal_tim.o
 .debug_loc     0x000065f6     0x2431 build/stm32f1xx_hal_tim_ex.o
 .debug_loc     0x00008a27      0x1e1 build/stm32f1xx_hal.o
 .debug_loc     0x00008c08      0x75f build/stm32f1xx_hal_rcc.o
 .debug_loc     0x00009367      0x55d build/stm32f1xx_hal_gpio.o
 .debug_loc     0x000098c4      0x9a5 build/stm32f1xx_hal_dma.o
 .debug_loc     0x0000a269      0x76b build/stm32f1xx_hal_cortex.o
 .debug_loc     0x0000a9d4       0xff build/system_stm32f1xx.o
 .debug_loc     0x0000aad3       0x38 build/gpio.o
 .debug_loc     0x0000ab0b      0x108 build/usart.o
 .debug_loc     0x0000ac13     0x4dcf build/stm32f1xx_hal_uart.o
 .debug_loc     0x0000f9e2      0x3a5 build/tim.o

.debug_aranges  0x00000000      0xc08
 .debug_aranges
                0x00000000       0x30 build/main.o
 .debug_aranges
                0x00000030       0x70 build/stm32f1xx_it.o
 .debug_aranges
                0x000000a0       0x20 build/motor.o
 .debug_aranges
                0x000000c0       0x20 build/stm32f1xx_hal_msp.o
 .debug_aranges
                0x000000e0      0x3d0 build/stm32f1xx_hal_tim.o
 .debug_aranges
                0x000004b0      0x168 build/stm32f1xx_hal_tim_ex.o
 .debug_aranges
                0x00000618       0xe0 build/stm32f1xx_hal.o
 .debug_aranges
                0x000006f8       0x90 build/stm32f1xx_hal_rcc.o
 .debug_aranges
                0x00000788       0x58 build/stm32f1xx_hal_gpio.o
 .debug_aranges
                0x000007e0       0x80 build/stm32f1xx_hal_dma.o
 .debug_aranges
                0x00000860       0x90 build/stm32f1xx_hal_cortex.o
 .debug_aranges
                0x000008f0       0x28 build/system_stm32f1xx.o
 .debug_aranges
                0x00000918       0x20 build/gpio.o
 .debug_aranges
                0x00000938       0x30 build/usart.o
 .debug_aranges
                0x00000968      0x208 build/stm32f1xx_hal_uart.o
 .debug_aranges
                0x00000b70       0x70 build/tim.o
 .debug_aranges
                0x00000be0       0x28 build/startup_stm32f103xb.o

.debug_ranges   0x00000000      0xb80
 .debug_ranges  0x00000000       0x20 build/main.o
 .debug_ranges  0x00000020       0x60 build/stm32f1xx_it.o
 .debug_ranges  0x00000080       0x10 build/motor.o
 .debug_ranges  0x00000090       0x10 build/stm32f1xx_hal_msp.o
 .debug_ranges  0x000000a0      0x3c0 build/stm32f1xx_hal_tim.o
 .debug_ranges  0x00000460      0x158 build/stm32f1xx_hal_tim_ex.o
 .debug_ranges  0x000005b8       0xd0 build/stm32f1xx_hal.o
 .debug_ranges  0x00000688       0xa0 build/stm32f1xx_hal_rcc.o
 .debug_ranges  0x00000728       0x48 build/stm32f1xx_hal_gpio.o
 .debug_ranges  0x00000770       0x70 build/stm32f1xx_hal_dma.o
 .debug_ranges  0x000007e0       0xc8 build/stm32f1xx_hal_cortex.o
 .debug_ranges  0x000008a8       0x18 build/system_stm32f1xx.o
 .debug_ranges  0x000008c0       0x10 build/gpio.o
 .debug_ranges  0x000008d0       0x20 build/usart.o
 .debug_ranges  0x000008f0      0x210 build/stm32f1xx_hal_uart.o
 .debug_ranges  0x00000b00       0x60 build/tim.o
 .debug_ranges  0x00000b60       0x20 build/startup_stm32f103xb.o

.debug_line     0x00000000     0xe59f
 .debug_line    0x00000000      0x593 build/main.o
 .debug_line    0x00000593      0x409 build/stm32f1xx_it.o
 .debug_line    0x0000099c      0x285 build/motor.o
 .debug_line    0x00000c21      0x1e4 build/stm32f1xx_hal_msp.o
 .debug_line    0x00000e05     0x4643 build/stm32f1xx_hal_tim.o
 .debug_line    0x00005448     0x1b2c build/stm32f1xx_hal_tim_ex.o
 .debug_line    0x00006f74      0x523 build/stm32f1xx_hal.o
 .debug_line    0x00007497      0xbdf build/stm32f1xx_hal_rcc.o
 .debug_line    0x00008076      0x636 build/stm32f1xx_hal_gpio.o
 .debug_line    0x000086ac      0xa71 build/stm32f1xx_hal_dma.o
 .debug_line    0x0000911d      0x675 build/stm32f1xx_hal_cortex.o
 .debug_line    0x00009792      0x29a build/system_stm32f1xx.o
 .debug_line    0x00009a2c      0x218 build/gpio.o
 .debug_line    0x00009c44      0x359 build/usart.o
 .debug_line    0x00009f9d     0x3e60 build/stm32f1xx_hal_uart.o
 .debug_line    0x0000ddfd      0x72e build/tim.o
 .debug_line    0x0000e52b       0x74 build/startup_stm32f103xb.o

.debug_str      0x00000000     0x3ba2
 .debug_str     0x00000000      0xfcc build/main.o
                               0x10e0 (size before relaxing)
 .debug_str     0x00000fcc      0x11a build/stm32f1xx_it.o
                                0xad8 (size before relaxing)
 .debug_str     0x000010e6       0x1c build/motor.o
                                0x6b5 (size before relaxing)
 .debug_str     0x00001102       0x9d build/stm32f1xx_hal_msp.o
                                0x2f9 (size before relaxing)
 .debug_str     0x0000119f      0xeff build/stm32f1xx_hal_tim.o
                               0x1719 (size before relaxing)
 .debug_str     0x0000209e      0x591 build/stm32f1xx_hal_tim_ex.o
                                0xf1a (size before relaxing)
 .debug_str     0x0000262f      0x558 build/stm32f1xx_hal.o
                                0x86d (size before relaxing)
 .debug_str     0x00002b87      0x20c build/stm32f1xx_hal_rcc.o
                                0x6bc (size before relaxing)
 .debug_str     0x00002d93      0x122 build/stm32f1xx_hal_gpio.o
                                0x4da (size before relaxing)
 .debug_str     0x00002eb5      0x20a build/stm32f1xx_hal_dma.o
                                0x6d7 (size before relaxing)
 .debug_str     0x000030bf      0x3b8 build/stm32f1xx_hal_cortex.o
                                0x989 (size before relaxing)
 .debug_str     0x00003477       0x4f build/system_stm32f1xx.o
                                0x2f0 (size before relaxing)
 .debug_str     0x000034c6       0x20 build/gpio.o
                                0x357 (size before relaxing)
 .debug_str     0x000034e6       0x4e build/usart.o
                                0xa99 (size before relaxing)
 .debug_str     0x00003534      0x5d3 build/stm32f1xx_hal_uart.o
                                0xdbc (size before relaxing)
 .debug_str     0x00003b07       0x77 build/tim.o
                                0xf3f (size before relaxing)
 .debug_str     0x00003b7e       0x24 build/startup_stm32f103xb.o
                                 0x51 (size before relaxing)

.comment        0x00000000       0x76
 .comment       0x00000000       0x76 build/main.o
                                 0x77 (size before relaxing)
 .comment       0x00000076       0x77 build/stm32f1xx_it.o
 .comment       0x00000076       0x77 build/motor.o
 .comment       0x00000076       0x77 build/stm32f1xx_hal_msp.o
 .comment       0x00000076       0x77 build/stm32f1xx_hal_tim.o
 .comment       0x00000076       0x77 build/stm32f1xx_hal_tim_ex.o
 .comment       0x00000076       0x77 build/stm32f1xx_hal.o
 .comment       0x00000076       0x77 build/stm32f1xx_hal_rcc.o
 .comment       0x00000076       0x77 build/stm32f1xx_hal_gpio.o
 .comment       0x00000076       0x77 build/stm32f1xx_hal_dma.o
 .comment       0x00000076       0x77 build/stm32f1xx_hal_cortex.o
 .comment       0x00000076       0x77 build/system_stm32f1xx.o
 .comment       0x00000076       0x77 build/gpio.o
 .comment       0x00000076       0x77 build/usart.o
 .comment       0x00000076       0x77 build/stm32f1xx_hal_uart.o
 .comment       0x00000076       0x77 build/tim.o

.debug_frame    0x00000000     0x25b0
 .debug_frame   0x00000000       0x5c build/main.o
 .debug_frame   0x0000005c       0xe4 build/stm32f1xx_it.o
 .debug_frame   0x00000140       0x20 build/motor.o
 .debug_frame   0x00000160       0x28 build/stm32f1xx_hal_msp.o
 .debug_frame   0x00000188      0xd50 build/stm32f1xx_hal_tim.o
 .debug_frame   0x00000ed8      0x528 build/stm32f1xx_hal_tim_ex.o
 .debug_frame   0x00001400      0x1e0 build/stm32f1xx_hal.o
 .debug_frame   0x000015e0      0x1b4 build/stm32f1xx_hal_rcc.o
 .debug_frame   0x00001794      0x104 build/stm32f1xx_hal_gpio.o
 .debug_frame   0x00001898      0x168 build/stm32f1xx_hal_dma.o
 .debug_frame   0x00001a00      0x13c build/stm32f1xx_hal_cortex.o
 .debug_frame   0x00001b3c       0x30 build/system_stm32f1xx.o
 .debug_frame   0x00001b6c       0x34 build/gpio.o
 .debug_frame   0x00001ba0       0x70 build/usart.o
 .debug_frame   0x00001c10      0x670 build/stm32f1xx_hal_uart.o
 .debug_frame   0x00002280      0x150 build/tim.o
 .debug_frame   0x000023d0       0x2c c:/program files (x86)/gnu tools arm embedded/8 2019-q3-update/bin/../lib/gcc/arm-none-eabi/8.3.1/../../../../arm-none-eabi/lib/thumb/v7-m/nofp\libc_nano.a(lib_a-init.o)
 .debug_frame   0x000023fc       0x20 c:/program files (x86)/gnu tools arm embedded/8 2019-q3-update/bin/../lib/gcc/arm-none-eabi/8.3.1/../../../../arm-none-eabi/lib/thumb/v7-m/nofp\libc_nano.a(lib_a-memset.o)
 .debug_frame   0x0000241c       0x4c c:/program files (x86)/gnu tools arm embedded/8 2019-q3-update/bin/../lib/gcc/arm-none-eabi/8.3.1/thumb/v7-m/nofp\libgcc.a(_arm_addsubsf3.o)
 .debug_frame   0x00002468       0x38 c:/program files (x86)/gnu tools arm embedded/8 2019-q3-update/bin/../lib/gcc/arm-none-eabi/8.3.1/thumb/v7-m/nofp\libgcc.a(_arm_muldivsf3.o)
 .debug_frame   0x000024a0       0xc8 c:/program files (x86)/gnu tools arm embedded/8 2019-q3-update/bin/../lib/gcc/arm-none-eabi/8.3.1/thumb/v7-m/nofp\libgcc.a(_arm_cmpsf2.o)
 .debug_frame   0x00002568       0x24 c:/program files (x86)/gnu tools arm embedded/8 2019-q3-update/bin/../lib/gcc/arm-none-eabi/8.3.1/thumb/v7-m/nofp\libgcc.a(_arm_fixsfsi.o)
 .debug_frame   0x0000258c       0x24 c:/program files (x86)/gnu tools arm embedded/8 2019-q3-update/bin/../lib/gcc/arm-none-eabi/8.3.1/thumb/v7-m/nofp\libgcc.a(_arm_fixunssfsi.o)

.stabstr        0x00000000      0x14d
 .stabstr       0x00000000      0x14d c:/program files (x86)/gnu tools arm embedded/8 2019-q3-update/bin/../lib/gcc/arm-none-eabi/8.3.1/../../../../arm-none-eabi/lib/thumb/v7-m/nofp\libnosys.a(close.o)

Cross Reference Table

Symbol                                            File
ADC1_2_IRQHandler                                 build/startup_stm32f103xb.o
AHBPrescTable                                     build/system_stm32f1xx.o
                                                  build/stm32f1xx_hal_rcc.o
APBPrescTable                                     build/system_stm32f1xx.o
                                                  build/stm32f1xx_hal_rcc.o
BusFault_Handler                                  build/stm32f1xx_it.o
CAN1_RX1_IRQHandler                               build/startup_stm32f103xb.o
CAN1_SCE_IRQHandler                               build/startup_stm32f103xb.o
DMA1_Channel1_IRQHandler                          build/startup_stm32f103xb.o
DMA1_Channel2_IRQHandler                          build/startup_stm32f103xb.o
DMA1_Channel3_IRQHandler                          build/startup_stm32f103xb.o
DMA1_Channel4_IRQHandler                          build/startup_stm32f103xb.o
DMA1_Channel5_IRQHandler                          build/startup_stm32f103xb.o
DMA1_Channel6_IRQHandler                          build/startup_stm32f103xb.o
DMA1_Channel7_IRQHandler                          build/startup_stm32f103xb.o
D_term                                            build/main.o
D_term_v                                          build/main.o
DebugMon_Handler                                  build/stm32f1xx_it.o
Default_Handler                                   build/startup_stm32f103xb.o
EXTI0_IRQHandler                                  build/startup_stm32f103xb.o
EXTI15_10_IRQHandler                              build/startup_stm32f103xb.o
EXTI1_IRQHandler                                  build/startup_stm32f103xb.o
EXTI2_IRQHandler                                  build/startup_stm32f103xb.o
EXTI3_IRQHandler                                  build/startup_stm32f103xb.o
EXTI4_IRQHandler                                  build/startup_stm32f103xb.o
EXTI9_5_IRQHandler                                build/startup_stm32f103xb.o
Error_Handler                                     build/main.o
                                                  build/tim.o
                                                  build/usart.o
FLASH_IRQHandler                                  build/startup_stm32f103xb.o
FLASH_PageErase                                   build/stm32f1xx_hal_flash_ex.o
                                                  build/stm32f1xx_hal_flash.o
FLASH_WaitForLastOperation                        build/stm32f1xx_hal_flash.o
                                                  build/stm32f1xx_hal_flash_ex.o
HAL_DBGMCU_DisableDBGSleepMode                    build/stm32f1xx_hal.o
HAL_DBGMCU_DisableDBGStandbyMode                  build/stm32f1xx_hal.o
HAL_DBGMCU_DisableDBGStopMode                     build/stm32f1xx_hal.o
HAL_DBGMCU_EnableDBGSleepMode                     build/stm32f1xx_hal.o
HAL_DBGMCU_EnableDBGStandbyMode                   build/stm32f1xx_hal.o
HAL_DBGMCU_EnableDBGStopMode                      build/stm32f1xx_hal.o
HAL_DMA_Abort                                     build/stm32f1xx_hal_dma.o
                                                  build/stm32f1xx_hal_uart.o
HAL_DMA_Abort_IT                                  build/stm32f1xx_hal_dma.o
                                                  build/stm32f1xx_hal_uart.o
                                                  build/stm32f1xx_hal_tim_ex.o
                                                  build/stm32f1xx_hal_tim.o
HAL_DMA_DeInit                                    build/stm32f1xx_hal_dma.o
HAL_DMA_GetError                                  build/stm32f1xx_hal_dma.o
                                                  build/stm32f1xx_hal_uart.o
HAL_DMA_GetState                                  build/stm32f1xx_hal_dma.o
HAL_DMA_IRQHandler                                build/stm32f1xx_hal_dma.o
HAL_DMA_Init                                      build/stm32f1xx_hal_dma.o
HAL_DMA_PollForTransfer                           build/stm32f1xx_hal_dma.o
HAL_DMA_RegisterCallback                          build/stm32f1xx_hal_dma.o
HAL_DMA_Start                                     build/stm32f1xx_hal_dma.o
HAL_DMA_Start_IT                                  build/stm32f1xx_hal_dma.o
                                                  build/stm32f1xx_hal_uart.o
                                                  build/stm32f1xx_hal_tim_ex.o
                                                  build/stm32f1xx_hal_tim.o
HAL_DMA_UnRegisterCallback                        build/stm32f1xx_hal_dma.o
HAL_DeInit                                        build/stm32f1xx_hal.o
HAL_Delay                                         build/stm32f1xx_hal.o
                                                  build/main.o
HAL_EXTI_ClearConfigLine                          build/stm32f1xx_hal_exti.o
HAL_EXTI_ClearPending                             build/stm32f1xx_hal_exti.o
HAL_EXTI_GenerateSWI                              build/stm32f1xx_hal_exti.o
HAL_EXTI_GetConfigLine                            build/stm32f1xx_hal_exti.o
HAL_EXTI_GetHandle                                build/stm32f1xx_hal_exti.o
HAL_EXTI_GetPending                               build/stm32f1xx_hal_exti.o
HAL_EXTI_IRQHandler                               build/stm32f1xx_hal_exti.o
HAL_EXTI_RegisterCallback                         build/stm32f1xx_hal_exti.o
HAL_EXTI_SetConfigLine                            build/stm32f1xx_hal_exti.o
HAL_FLASHEx_Erase                                 build/stm32f1xx_hal_flash_ex.o
HAL_FLASHEx_Erase_IT                              build/stm32f1xx_hal_flash_ex.o
HAL_FLASHEx_OBErase                               build/stm32f1xx_hal_flash_ex.o
HAL_FLASHEx_OBGetConfig                           build/stm32f1xx_hal_flash_ex.o
HAL_FLASHEx_OBGetUserData                         build/stm32f1xx_hal_flash_ex.o
HAL_FLASHEx_OBProgram                             build/stm32f1xx_hal_flash_ex.o
HAL_FLASH_EndOfOperationCallback                  build/stm32f1xx_hal_flash.o
HAL_FLASH_GetError                                build/stm32f1xx_hal_flash.o
HAL_FLASH_IRQHandler                              build/stm32f1xx_hal_flash.o
HAL_FLASH_Lock                                    build/stm32f1xx_hal_flash.o
HAL_FLASH_OB_Launch                               build/stm32f1xx_hal_flash.o
HAL_FLASH_OB_Lock                                 build/stm32f1xx_hal_flash.o
HAL_FLASH_OB_Unlock                               build/stm32f1xx_hal_flash.o
HAL_FLASH_OperationErrorCallback                  build/stm32f1xx_hal_flash.o
HAL_FLASH_Program                                 build/stm32f1xx_hal_flash.o
HAL_FLASH_Program_IT                              build/stm32f1xx_hal_flash.o
HAL_FLASH_Unlock                                  build/stm32f1xx_hal_flash.o
HAL_GPIOEx_ConfigEventout                         build/stm32f1xx_hal_gpio_ex.o
HAL_GPIOEx_DisableEventout                        build/stm32f1xx_hal_gpio_ex.o
HAL_GPIOEx_EnableEventout                         build/stm32f1xx_hal_gpio_ex.o
HAL_GPIO_DeInit                                   build/stm32f1xx_hal_gpio.o
                                                  build/tim.o
                                                  build/usart.o
HAL_GPIO_EXTI_Callback                            build/stm32f1xx_hal_gpio.o
HAL_GPIO_EXTI_IRQHandler                          build/stm32f1xx_hal_gpio.o
HAL_GPIO_Init                                     build/stm32f1xx_hal_gpio.o
                                                  build/tim.o
                                                  build/usart.o
                                                  build/gpio.o
                                                  build/stm32f1xx_hal_rcc.o
HAL_GPIO_LockPin                                  build/stm32f1xx_hal_gpio.o
HAL_GPIO_ReadPin                                  build/stm32f1xx_hal_gpio.o
HAL_GPIO_TogglePin                                build/stm32f1xx_hal_gpio.o
HAL_GPIO_WritePin                                 build/stm32f1xx_hal_gpio.o
                                                  build/gpio.o
                                                  build/main.o
HAL_GetDEVID                                      build/stm32f1xx_hal.o
HAL_GetHalVersion                                 build/stm32f1xx_hal.o
HAL_GetREVID                                      build/stm32f1xx_hal.o
HAL_GetTick                                       build/stm32f1xx_hal.o
                                                  build/stm32f1xx_hal_uart.o
                                                  build/stm32f1xx_hal_flash.o
                                                  build/stm32f1xx_hal_dma.o
                                                  build/stm32f1xx_hal_rcc_ex.o
                                                  build/stm32f1xx_hal_rcc.o
HAL_GetTickFreq                                   build/stm32f1xx_hal.o
HAL_GetTickPrio                                   build/stm32f1xx_hal.o
HAL_GetUIDw0                                      build/stm32f1xx_hal.o
HAL_GetUIDw1                                      build/stm32f1xx_hal.o
HAL_GetUIDw2                                      build/stm32f1xx_hal.o
HAL_HalfDuplex_EnableReceiver                     build/stm32f1xx_hal_uart.o
HAL_HalfDuplex_EnableTransmitter                  build/stm32f1xx_hal_uart.o
HAL_HalfDuplex_Init                               build/stm32f1xx_hal_uart.o
HAL_IncTick                                       build/stm32f1xx_hal.o
                                                  build/stm32f1xx_it.o
HAL_Init                                          build/stm32f1xx_hal.o
                                                  build/main.o
HAL_InitTick                                      build/stm32f1xx_hal.o
                                                  build/stm32f1xx_hal_rcc.o
HAL_LIN_Init                                      build/stm32f1xx_hal_uart.o
HAL_LIN_SendBreak                                 build/stm32f1xx_hal_uart.o
HAL_MspDeInit                                     build/stm32f1xx_hal.o
HAL_MspInit                                       build/stm32f1xx_hal_msp.o
HAL_MultiProcessor_EnterMuteMode                  build/stm32f1xx_hal_uart.o
HAL_MultiProcessor_ExitMuteMode                   build/stm32f1xx_hal_uart.o
HAL_MultiProcessor_Init                           build/stm32f1xx_hal_uart.o
HAL_NVIC_ClearPendingIRQ                          build/stm32f1xx_hal_cortex.o
HAL_NVIC_DisableIRQ                               build/stm32f1xx_hal_cortex.o
                                                  build/tim.o
                                                  build/usart.o
HAL_NVIC_EnableIRQ                                build/stm32f1xx_hal_cortex.o
                                                  build/tim.o
                                                  build/usart.o
HAL_NVIC_GetActive                                build/stm32f1xx_hal_cortex.o
HAL_NVIC_GetPendingIRQ                            build/stm32f1xx_hal_cortex.o
HAL_NVIC_GetPriority                              build/stm32f1xx_hal_cortex.o
HAL_NVIC_GetPriorityGrouping                      build/stm32f1xx_hal_cortex.o
HAL_NVIC_SetPendingIRQ                            build/stm32f1xx_hal_cortex.o
HAL_NVIC_SetPriority                              build/stm32f1xx_hal_cortex.o
                                                  build/tim.o
                                                  build/usart.o
                                                  build/stm32f1xx_hal.o
HAL_NVIC_SetPriorityGrouping                      build/stm32f1xx_hal_cortex.o
                                                  build/stm32f1xx_hal.o
HAL_NVIC_SystemReset                              build/stm32f1xx_hal_cortex.o
                                                  build/stm32f1xx_hal_flash.o
HAL_PWR_ConfigPVD                                 build/stm32f1xx_hal_pwr.o
HAL_PWR_DeInit                                    build/stm32f1xx_hal_pwr.o
HAL_PWR_DisableBkUpAccess                         build/stm32f1xx_hal_pwr.o
HAL_PWR_DisablePVD                                build/stm32f1xx_hal_pwr.o
HAL_PWR_DisableSEVOnPend                          build/stm32f1xx_hal_pwr.o
HAL_PWR_DisableSleepOnExit                        build/stm32f1xx_hal_pwr.o
HAL_PWR_DisableWakeUpPin                          build/stm32f1xx_hal_pwr.o
HAL_PWR_EnableBkUpAccess                          build/stm32f1xx_hal_pwr.o
HAL_PWR_EnablePVD                                 build/stm32f1xx_hal_pwr.o
HAL_PWR_EnableSEVOnPend                           build/stm32f1xx_hal_pwr.o
HAL_PWR_EnableSleepOnExit                         build/stm32f1xx_hal_pwr.o
HAL_PWR_EnableWakeUpPin                           build/stm32f1xx_hal_pwr.o
HAL_PWR_EnterSLEEPMode                            build/stm32f1xx_hal_pwr.o
HAL_PWR_EnterSTANDBYMode                          build/stm32f1xx_hal_pwr.o
HAL_PWR_EnterSTOPMode                             build/stm32f1xx_hal_pwr.o
HAL_PWR_PVDCallback                               build/stm32f1xx_hal_pwr.o
HAL_PWR_PVD_IRQHandler                            build/stm32f1xx_hal_pwr.o
HAL_RCCEx_GetPeriphCLKConfig                      build/stm32f1xx_hal_rcc_ex.o
HAL_RCCEx_GetPeriphCLKFreq                        build/stm32f1xx_hal_rcc_ex.o
HAL_RCCEx_PeriphCLKConfig                         build/stm32f1xx_hal_rcc_ex.o
HAL_RCC_CSSCallback                               build/stm32f1xx_hal_rcc.o
HAL_RCC_ClockConfig                               build/stm32f1xx_hal_rcc.o
                                                  build/main.o
HAL_RCC_DeInit                                    build/stm32f1xx_hal_rcc.o
HAL_RCC_DisableCSS                                build/stm32f1xx_hal_rcc.o
HAL_RCC_EnableCSS                                 build/stm32f1xx_hal_rcc.o
HAL_RCC_GetClockConfig                            build/stm32f1xx_hal_rcc.o
HAL_RCC_GetHCLKFreq                               build/stm32f1xx_hal_rcc.o
HAL_RCC_GetOscConfig                              build/stm32f1xx_hal_rcc.o
HAL_RCC_GetPCLK1Freq                              build/stm32f1xx_hal_rcc.o
                                                  build/stm32f1xx_hal_uart.o
HAL_RCC_GetPCLK2Freq                              build/stm32f1xx_hal_rcc.o
                                                  build/stm32f1xx_hal_uart.o
                                                  build/stm32f1xx_hal_rcc_ex.o
HAL_RCC_GetSysClockFreq                           build/stm32f1xx_hal_rcc.o
HAL_RCC_MCOConfig                                 build/stm32f1xx_hal_rcc.o
HAL_RCC_NMI_IRQHandler                            build/stm32f1xx_hal_rcc.o
HAL_RCC_OscConfig                                 build/stm32f1xx_hal_rcc.o
                                                  build/main.o
HAL_ResumeTick                                    build/stm32f1xx_hal.o
HAL_SYSTICK_CLKSourceConfig                       build/stm32f1xx_hal_cortex.o
HAL_SYSTICK_Callback                              build/stm32f1xx_hal_cortex.o
HAL_SYSTICK_Config                                build/stm32f1xx_hal_cortex.o
                                                  build/stm32f1xx_hal.o
HAL_SYSTICK_IRQHandler                            build/stm32f1xx_hal_cortex.o
HAL_SetTickFreq                                   build/stm32f1xx_hal.o
HAL_SuspendTick                                   build/stm32f1xx_hal.o
HAL_TIMEx_BreakCallback                           build/stm32f1xx_hal_tim_ex.o
                                                  build/stm32f1xx_hal_tim.o
HAL_TIMEx_CommutCallback                          build/stm32f1xx_hal_tim_ex.o
                                                  build/stm32f1xx_hal_tim.o
HAL_TIMEx_CommutHalfCpltCallback                  build/stm32f1xx_hal_tim_ex.o
HAL_TIMEx_ConfigBreakDeadTime                     build/stm32f1xx_hal_tim_ex.o
                                                  build/tim.o
HAL_TIMEx_ConfigCommutEvent                       build/stm32f1xx_hal_tim_ex.o
HAL_TIMEx_ConfigCommutEvent_DMA                   build/stm32f1xx_hal_tim_ex.o
HAL_TIMEx_ConfigCommutEvent_IT                    build/stm32f1xx_hal_tim_ex.o
HAL_TIMEx_GetChannelNState                        build/stm32f1xx_hal_tim_ex.o
HAL_TIMEx_HallSensor_DeInit                       build/stm32f1xx_hal_tim_ex.o
HAL_TIMEx_HallSensor_GetState                     build/stm32f1xx_hal_tim_ex.o
HAL_TIMEx_HallSensor_Init                         build/stm32f1xx_hal_tim_ex.o
HAL_TIMEx_HallSensor_MspDeInit                    build/stm32f1xx_hal_tim_ex.o
HAL_TIMEx_HallSensor_MspInit                      build/stm32f1xx_hal_tim_ex.o
HAL_TIMEx_HallSensor_Start                        build/stm32f1xx_hal_tim_ex.o
HAL_TIMEx_HallSensor_Start_DMA                    build/stm32f1xx_hal_tim_ex.o
HAL_TIMEx_HallSensor_Start_IT                     build/stm32f1xx_hal_tim_ex.o
HAL_TIMEx_HallSensor_Stop                         build/stm32f1xx_hal_tim_ex.o
HAL_TIMEx_HallSensor_Stop_DMA                     build/stm32f1xx_hal_tim_ex.o
HAL_TIMEx_HallSensor_Stop_IT                      build/stm32f1xx_hal_tim_ex.o
HAL_TIMEx_MasterConfigSynchronization             build/stm32f1xx_hal_tim_ex.o
                                                  build/tim.o
HAL_TIMEx_OCN_Start                               build/stm32f1xx_hal_tim_ex.o
HAL_TIMEx_OCN_Start_DMA                           build/stm32f1xx_hal_tim_ex.o
HAL_TIMEx_OCN_Start_IT                            build/stm32f1xx_hal_tim_ex.o
HAL_TIMEx_OCN_Stop                                build/stm32f1xx_hal_tim_ex.o
HAL_TIMEx_OCN_Stop_DMA                            build/stm32f1xx_hal_tim_ex.o
HAL_TIMEx_OCN_Stop_IT                             build/stm32f1xx_hal_tim_ex.o
HAL_TIMEx_OnePulseN_Start                         build/stm32f1xx_hal_tim_ex.o
HAL_TIMEx_OnePulseN_Start_IT                      build/stm32f1xx_hal_tim_ex.o
HAL_TIMEx_OnePulseN_Stop                          build/stm32f1xx_hal_tim_ex.o
HAL_TIMEx_OnePulseN_Stop_IT                       build/stm32f1xx_hal_tim_ex.o
HAL_TIMEx_PWMN_Start                              build/stm32f1xx_hal_tim_ex.o
HAL_TIMEx_PWMN_Start_DMA                          build/stm32f1xx_hal_tim_ex.o
HAL_TIMEx_PWMN_Start_IT                           build/stm32f1xx_hal_tim_ex.o
HAL_TIMEx_PWMN_Stop                               build/stm32f1xx_hal_tim_ex.o
HAL_TIMEx_PWMN_Stop_DMA                           build/stm32f1xx_hal_tim_ex.o
HAL_TIMEx_PWMN_Stop_IT                            build/stm32f1xx_hal_tim_ex.o
HAL_TIMEx_RemapConfig                             build/stm32f1xx_hal_tim_ex.o
HAL_TIM_Base_DeInit                               build/stm32f1xx_hal_tim.o
HAL_TIM_Base_GetState                             build/stm32f1xx_hal_tim.o
HAL_TIM_Base_Init                                 build/stm32f1xx_hal_tim.o
                                                  build/tim.o
HAL_TIM_Base_MspDeInit                            build/tim.o
                                                  build/stm32f1xx_hal_tim.o
HAL_TIM_Base_MspInit                              build/tim.o
                                                  build/stm32f1xx_hal_tim.o
HAL_TIM_Base_Start                                build/stm32f1xx_hal_tim.o
HAL_TIM_Base_Start_DMA                            build/stm32f1xx_hal_tim.o
HAL_TIM_Base_Start_IT                             build/stm32f1xx_hal_tim.o
                                                  build/main.o
HAL_TIM_Base_Stop                                 build/stm32f1xx_hal_tim.o
HAL_TIM_Base_Stop_DMA                             build/stm32f1xx_hal_tim.o
HAL_TIM_Base_Stop_IT                              build/stm32f1xx_hal_tim.o
HAL_TIM_ConfigClockSource                         build/stm32f1xx_hal_tim.o
                                                  build/tim.o
HAL_TIM_ConfigOCrefClear                          build/stm32f1xx_hal_tim.o
HAL_TIM_ConfigTI1Input                            build/stm32f1xx_hal_tim.o
HAL_TIM_DMABurstState                             build/stm32f1xx_hal_tim.o
HAL_TIM_DMABurst_MultiReadStart                   build/stm32f1xx_hal_tim.o
HAL_TIM_DMABurst_MultiWriteStart                  build/stm32f1xx_hal_tim.o
HAL_TIM_DMABurst_ReadStart                        build/stm32f1xx_hal_tim.o
HAL_TIM_DMABurst_ReadStop                         build/stm32f1xx_hal_tim.o
HAL_TIM_DMABurst_WriteStart                       build/stm32f1xx_hal_tim.o
HAL_TIM_DMABurst_WriteStop                        build/stm32f1xx_hal_tim.o
HAL_TIM_Encoder_DeInit                            build/stm32f1xx_hal_tim.o
HAL_TIM_Encoder_GetState                          build/stm32f1xx_hal_tim.o
HAL_TIM_Encoder_Init                              build/stm32f1xx_hal_tim.o
                                                  build/tim.o
HAL_TIM_Encoder_MspDeInit                         build/tim.o
                                                  build/stm32f1xx_hal_tim.o
HAL_TIM_Encoder_MspInit                           build/tim.o
                                                  build/stm32f1xx_hal_tim.o
HAL_TIM_Encoder_Start                             build/stm32f1xx_hal_tim.o
                                                  build/main.o
HAL_TIM_Encoder_Start_DMA                         build/stm32f1xx_hal_tim.o
HAL_TIM_Encoder_Start_IT                          build/stm32f1xx_hal_tim.o
HAL_TIM_Encoder_Stop                              build/stm32f1xx_hal_tim.o
HAL_TIM_Encoder_Stop_DMA                          build/stm32f1xx_hal_tim.o
HAL_TIM_Encoder_Stop_IT                           build/stm32f1xx_hal_tim.o
HAL_TIM_ErrorCallback                             build/stm32f1xx_hal_tim.o
                                                  build/stm32f1xx_hal_tim_ex.o
HAL_TIM_GenerateEvent                             build/stm32f1xx_hal_tim.o
HAL_TIM_GetActiveChannel                          build/stm32f1xx_hal_tim.o
HAL_TIM_GetChannelState                           build/stm32f1xx_hal_tim.o
HAL_TIM_IC_CaptureCallback                        build/stm32f1xx_hal_tim.o
HAL_TIM_IC_CaptureHalfCpltCallback                build/stm32f1xx_hal_tim.o
HAL_TIM_IC_ConfigChannel                          build/stm32f1xx_hal_tim.o
HAL_TIM_IC_DeInit                                 build/stm32f1xx_hal_tim.o
HAL_TIM_IC_GetState                               build/stm32f1xx_hal_tim.o
HAL_TIM_IC_Init                                   build/stm32f1xx_hal_tim.o
HAL_TIM_IC_MspDeInit                              build/stm32f1xx_hal_tim.o
HAL_TIM_IC_MspInit                                build/stm32f1xx_hal_tim.o
HAL_TIM_IC_Start                                  build/stm32f1xx_hal_tim.o
HAL_TIM_IC_Start_DMA                              build/stm32f1xx_hal_tim.o
HAL_TIM_IC_Start_IT                               build/stm32f1xx_hal_tim.o
HAL_TIM_IC_Stop                                   build/stm32f1xx_hal_tim.o
HAL_TIM_IC_Stop_DMA                               build/stm32f1xx_hal_tim.o
HAL_TIM_IC_Stop_IT                                build/stm32f1xx_hal_tim.o
HAL_TIM_IRQHandler                                build/stm32f1xx_hal_tim.o
                                                  build/stm32f1xx_it.o
HAL_TIM_MspPostInit                               build/tim.o
HAL_TIM_OC_ConfigChannel                          build/stm32f1xx_hal_tim.o
HAL_TIM_OC_DeInit                                 build/stm32f1xx_hal_tim.o
HAL_TIM_OC_DelayElapsedCallback                   build/stm32f1xx_hal_tim.o
HAL_TIM_OC_GetState                               build/stm32f1xx_hal_tim.o
HAL_TIM_OC_Init                                   build/stm32f1xx_hal_tim.o
HAL_TIM_OC_MspDeInit                              build/stm32f1xx_hal_tim.o
HAL_TIM_OC_MspInit                                build/stm32f1xx_hal_tim.o
HAL_TIM_OC_Start                                  build/stm32f1xx_hal_tim.o
HAL_TIM_OC_Start_DMA                              build/stm32f1xx_hal_tim.o
HAL_TIM_OC_Start_IT                               build/stm32f1xx_hal_tim.o
HAL_TIM_OC_Stop                                   build/stm32f1xx_hal_tim.o
HAL_TIM_OC_Stop_DMA                               build/stm32f1xx_hal_tim.o
HAL_TIM_OC_Stop_IT                                build/stm32f1xx_hal_tim.o
HAL_TIM_OnePulse_ConfigChannel                    build/stm32f1xx_hal_tim.o
HAL_TIM_OnePulse_DeInit                           build/stm32f1xx_hal_tim.o
HAL_TIM_OnePulse_GetState                         build/stm32f1xx_hal_tim.o
HAL_TIM_OnePulse_Init                             build/stm32f1xx_hal_tim.o
HAL_TIM_OnePulse_MspDeInit                        build/stm32f1xx_hal_tim.o
HAL_TIM_OnePulse_MspInit                          build/stm32f1xx_hal_tim.o
HAL_TIM_OnePulse_Start                            build/stm32f1xx_hal_tim.o
HAL_TIM_OnePulse_Start_IT                         build/stm32f1xx_hal_tim.o
HAL_TIM_OnePulse_Stop                             build/stm32f1xx_hal_tim.o
HAL_TIM_OnePulse_Stop_IT                          build/stm32f1xx_hal_tim.o
HAL_TIM_PWM_ConfigChannel                         build/stm32f1xx_hal_tim.o
                                                  build/tim.o
HAL_TIM_PWM_DeInit                                build/stm32f1xx_hal_tim.o
HAL_TIM_PWM_GetState                              build/stm32f1xx_hal_tim.o
HAL_TIM_PWM_Init                                  build/stm32f1xx_hal_tim.o
                                                  build/tim.o
HAL_TIM_PWM_MspDeInit                             build/tim.o
                                                  build/stm32f1xx_hal_tim.o
HAL_TIM_PWM_MspInit                               build/tim.o
                                                  build/stm32f1xx_hal_tim.o
HAL_TIM_PWM_PulseFinishedCallback                 build/stm32f1xx_hal_tim.o
                                                  build/stm32f1xx_hal_tim_ex.o
HAL_TIM_PWM_PulseFinishedHalfCpltCallback         build/stm32f1xx_hal_tim.o
HAL_TIM_PWM_Start                                 build/stm32f1xx_hal_tim.o
                                                  build/main.o
HAL_TIM_PWM_Start_DMA                             build/stm32f1xx_hal_tim.o
HAL_TIM_PWM_Start_IT                              build/stm32f1xx_hal_tim.o
HAL_TIM_PWM_Stop                                  build/stm32f1xx_hal_tim.o
HAL_TIM_PWM_Stop_DMA                              build/stm32f1xx_hal_tim.o
HAL_TIM_PWM_Stop_IT                               build/stm32f1xx_hal_tim.o
HAL_TIM_PeriodElapsedCallback                     build/stm32f1xx_hal_tim.o
HAL_TIM_PeriodElapsedHalfCpltCallback             build/stm32f1xx_hal_tim.o
HAL_TIM_ReadCapturedValue                         build/stm32f1xx_hal_tim.o
HAL_TIM_SlaveConfigSynchro                        build/stm32f1xx_hal_tim.o
HAL_TIM_SlaveConfigSynchro_IT                     build/stm32f1xx_hal_tim.o
HAL_TIM_TriggerCallback                           build/stm32f1xx_hal_tim.o
HAL_TIM_TriggerHalfCpltCallback                   build/stm32f1xx_hal_tim.o
HAL_UARTEx_GetRxEventType                         build/stm32f1xx_hal_uart.o
HAL_UARTEx_ReceiveToIdle                          build/stm32f1xx_hal_uart.o
HAL_UARTEx_ReceiveToIdle_DMA                      build/stm32f1xx_hal_uart.o
HAL_UARTEx_ReceiveToIdle_IT                       build/stm32f1xx_hal_uart.o
HAL_UARTEx_RxEventCallback                        build/stm32f1xx_hal_uart.o
HAL_UART_Abort                                    build/stm32f1xx_hal_uart.o
HAL_UART_AbortCpltCallback                        build/stm32f1xx_hal_uart.o
HAL_UART_AbortReceive                             build/stm32f1xx_hal_uart.o
HAL_UART_AbortReceiveCpltCallback                 build/stm32f1xx_hal_uart.o
HAL_UART_AbortReceive_IT                          build/stm32f1xx_hal_uart.o
HAL_UART_AbortTransmit                            build/stm32f1xx_hal_uart.o
HAL_UART_AbortTransmitCpltCallback                build/stm32f1xx_hal_uart.o
HAL_UART_AbortTransmit_IT                         build/stm32f1xx_hal_uart.o
HAL_UART_Abort_IT                                 build/stm32f1xx_hal_uart.o
HAL_UART_DMAPause                                 build/stm32f1xx_hal_uart.o
HAL_UART_DMAResume                                build/stm32f1xx_hal_uart.o
HAL_UART_DMAStop                                  build/stm32f1xx_hal_uart.o
HAL_UART_DeInit                                   build/stm32f1xx_hal_uart.o
HAL_UART_ErrorCallback                            build/stm32f1xx_hal_uart.o
HAL_UART_GetError                                 build/stm32f1xx_hal_uart.o
HAL_UART_GetState                                 build/stm32f1xx_hal_uart.o
                                                  build/stm32f1xx_it.o
HAL_UART_IRQHandler                               build/stm32f1xx_hal_uart.o
                                                  build/stm32f1xx_it.o
HAL_UART_Init                                     build/stm32f1xx_hal_uart.o
                                                  build/usart.o
HAL_UART_MspDeInit                                build/usart.o
HAL_UART_MspInit                                  build/usart.o
HAL_UART_Receive                                  build/stm32f1xx_hal_uart.o
HAL_UART_Receive_DMA                              build/stm32f1xx_hal_uart.o
HAL_UART_Receive_IT                               build/stm32f1xx_hal_uart.o
                                                  build/stm32f1xx_it.o
                                                  build/main.o
HAL_UART_RxCpltCallback                           build/stm32f1xx_hal_uart.o
HAL_UART_RxHalfCpltCallback                       build/stm32f1xx_hal_uart.o
HAL_UART_Transmit                                 build/stm32f1xx_hal_uart.o
HAL_UART_Transmit_DMA                             build/stm32f1xx_hal_uart.o
HAL_UART_Transmit_IT                              build/stm32f1xx_hal_uart.o
HAL_UART_TxCpltCallback                           build/stm32f1xx_hal_uart.o
HAL_UART_TxHalfCpltCallback                       build/stm32f1xx_hal_uart.o
HardFault_Handler                                 build/stm32f1xx_it.o
I2C1_ER_IRQHandler                                build/startup_stm32f103xb.o
I2C1_EV_IRQHandler                                build/startup_stm32f103xb.o
I2C2_ER_IRQHandler                                build/startup_stm32f103xb.o
I2C2_EV_IRQHandler                                build/startup_stm32f103xb.o
I_term                                            build/main.o
I_term_sum                                        build/main.o
I_term_v                                          build/main.o
I_term_v_sum                                      build/main.o
Kd                                                build/main.o
Kd_v                                              build/main.o
Ki                                                build/main.o
Ki_v                                              build/main.o
Kp                                                build/main.o
Kp_v                                              build/main.o
MX_GPIO_Init                                      build/gpio.o
                                                  build/main.o
MX_TIM1_Init                                      build/tim.o
                                                  build/main.o
MX_TIM2_Init                                      build/tim.o
                                                  build/main.o
MX_TIM3_Init                                      build/tim.o
                                                  build/main.o
MX_TIM4_Init                                      build/tim.o
                                                  build/main.o
MX_USART2_UART_Init                               build/usart.o
                                                  build/main.o
MemManage_Handler                                 build/stm32f1xx_it.o
NMI_Handler                                       build/stm32f1xx_it.o
PID_init                                          build/pid.o
PID_realize                                       build/pid.o
PVD_IRQHandler                                    build/startup_stm32f103xb.o
P_term                                            build/main.o
P_term_v                                          build/main.o
PendSV_Handler                                    build/stm32f1xx_it.o
RCC_IRQHandler                                    build/startup_stm32f103xb.o
RTC_Alarm_IRQHandler                              build/startup_stm32f103xb.o
RTC_IRQHandler                                    build/startup_stm32f103xb.o
Reset_Handler                                     build/startup_stm32f103xb.o
SPI1_IRQHandler                                   build/startup_stm32f103xb.o
SPI2_IRQHandler                                   build/startup_stm32f103xb.o
SVC_Handler                                       build/stm32f1xx_it.o
SysTick_Handler                                   build/stm32f1xx_it.o
SystemClock_Config                                build/main.o
SystemCoreClock                                   build/system_stm32f1xx.o
                                                  build/stm32f1xx_hal_rcc.o
                                                  build/stm32f1xx_hal.o
SystemCoreClockUpdate                             build/system_stm32f1xx.o
SystemInit                                        build/system_stm32f1xx.o
                                                  build/startup_stm32f103xb.o
TAMPER_IRQHandler                                 build/startup_stm32f103xb.o
TIM1_BRK_IRQHandler                               build/startup_stm32f103xb.o
TIM1_CC_IRQHandler                                build/startup_stm32f103xb.o
TIM1_TRG_COM_IRQHandler                           build/startup_stm32f103xb.o
TIM1_UP_IRQHandler                                build/startup_stm32f103xb.o
TIM2_IRQHandler                                   build/startup_stm32f103xb.o
TIM3_IRQHandler                                   build/startup_stm32f103xb.o
TIM4_IRQHandler                                   build/stm32f1xx_it.o
TIMEx_DMACommutationCplt                          build/stm32f1xx_hal_tim_ex.o
                                                  build/stm32f1xx_hal_tim.o
TIMEx_DMACommutationHalfCplt                      build/stm32f1xx_hal_tim_ex.o
                                                  build/stm32f1xx_hal_tim.o
TIM_Base_SetConfig                                build/stm32f1xx_hal_tim.o
                                                  build/stm32f1xx_hal_tim_ex.o
TIM_CCxChannelCmd                                 build/stm32f1xx_hal_tim.o
                                                  build/stm32f1xx_hal_tim_ex.o
TIM_DMACaptureCplt                                build/stm32f1xx_hal_tim.o
                                                  build/stm32f1xx_hal_tim_ex.o
TIM_DMACaptureHalfCplt                            build/stm32f1xx_hal_tim.o
                                                  build/stm32f1xx_hal_tim_ex.o
TIM_DMADelayPulseHalfCplt                         build/stm32f1xx_hal_tim.o
                                                  build/stm32f1xx_hal_tim_ex.o
TIM_DMAError                                      build/stm32f1xx_hal_tim.o
                                                  build/stm32f1xx_hal_tim_ex.o
TIM_ETR_SetConfig                                 build/stm32f1xx_hal_tim.o
TIM_OC2_SetConfig                                 build/stm32f1xx_hal_tim.o
                                                  build/stm32f1xx_hal_tim_ex.o
TIM_TI1_SetConfig                                 build/stm32f1xx_hal_tim.o
                                                  build/stm32f1xx_hal_tim_ex.o
UART_Start_Receive_DMA                            build/stm32f1xx_hal_uart.o
UART_Start_Receive_IT                             build/stm32f1xx_hal_uart.o
USART1_IRQHandler                                 build/startup_stm32f103xb.o
USART2_IRQHandler                                 build/stm32f1xx_it.o
USART3_IRQHandler                                 build/startup_stm32f103xb.o
USBWakeUp_IRQHandler                              build/startup_stm32f103xb.o
USB_HP_CAN1_TX_IRQHandler                         build/startup_stm32f103xb.o
USB_LP_CAN1_RX0_IRQHandler                        build/startup_stm32f103xb.o
UsageFault_Handler                                build/stm32f1xx_it.o
WWDG_IRQHandler                                   build/startup_stm32f103xb.o
__addsf3                                          c:/program files (x86)/gnu tools arm embedded/8 2019-q3-update/bin/../lib/gcc/arm-none-eabi/8.3.1/thumb/v7-m/nofp\libgcc.a(_arm_addsubsf3.o)
__aeabi_cfcmpeq                                   c:/program files (x86)/gnu tools arm embedded/8 2019-q3-update/bin/../lib/gcc/arm-none-eabi/8.3.1/thumb/v7-m/nofp\libgcc.a(_arm_cmpsf2.o)
__aeabi_cfcmple                                   c:/program files (x86)/gnu tools arm embedded/8 2019-q3-update/bin/../lib/gcc/arm-none-eabi/8.3.1/thumb/v7-m/nofp\libgcc.a(_arm_cmpsf2.o)
__aeabi_cfrcmple                                  c:/program files (x86)/gnu tools arm embedded/8 2019-q3-update/bin/../lib/gcc/arm-none-eabi/8.3.1/thumb/v7-m/nofp\libgcc.a(_arm_cmpsf2.o)
__aeabi_f2iz                                      c:/program files (x86)/gnu tools arm embedded/8 2019-q3-update/bin/../lib/gcc/arm-none-eabi/8.3.1/thumb/v7-m/nofp\libgcc.a(_arm_fixsfsi.o)
                                                  build/main.o
__aeabi_f2uiz                                     c:/program files (x86)/gnu tools arm embedded/8 2019-q3-update/bin/../lib/gcc/arm-none-eabi/8.3.1/thumb/v7-m/nofp\libgcc.a(_arm_fixunssfsi.o)
                                                  build/main.o
__aeabi_fadd                                      c:/program files (x86)/gnu tools arm embedded/8 2019-q3-update/bin/../lib/gcc/arm-none-eabi/8.3.1/thumb/v7-m/nofp\libgcc.a(_arm_addsubsf3.o)
                                                  build/pid.o
                                                  build/main.o
__aeabi_fcmpeq                                    c:/program files (x86)/gnu tools arm embedded/8 2019-q3-update/bin/../lib/gcc/arm-none-eabi/8.3.1/thumb/v7-m/nofp\libgcc.a(_arm_cmpsf2.o)
__aeabi_fcmpge                                    c:/program files (x86)/gnu tools arm embedded/8 2019-q3-update/bin/../lib/gcc/arm-none-eabi/8.3.1/thumb/v7-m/nofp\libgcc.a(_arm_cmpsf2.o)
__aeabi_fcmpgt                                    c:/program files (x86)/gnu tools arm embedded/8 2019-q3-update/bin/../lib/gcc/arm-none-eabi/8.3.1/thumb/v7-m/nofp\libgcc.a(_arm_cmpsf2.o)
                                                  build/main.o
__aeabi_fcmple                                    c:/program files (x86)/gnu tools arm embedded/8 2019-q3-update/bin/../lib/gcc/arm-none-eabi/8.3.1/thumb/v7-m/nofp\libgcc.a(_arm_cmpsf2.o)
__aeabi_fcmplt                                    c:/program files (x86)/gnu tools arm embedded/8 2019-q3-update/bin/../lib/gcc/arm-none-eabi/8.3.1/thumb/v7-m/nofp\libgcc.a(_arm_cmpsf2.o)
                                                  build/main.o
__aeabi_fdiv                                      c:/program files (x86)/gnu tools arm embedded/8 2019-q3-update/bin/../lib/gcc/arm-none-eabi/8.3.1/thumb/v7-m/nofp\libgcc.a(_arm_muldivsf3.o)
                                                  build/main.o
__aeabi_fmul                                      c:/program files (x86)/gnu tools arm embedded/8 2019-q3-update/bin/../lib/gcc/arm-none-eabi/8.3.1/thumb/v7-m/nofp\libgcc.a(_arm_muldivsf3.o)
                                                  build/pid.o
                                                  build/main.o
__aeabi_frsub                                     c:/program files (x86)/gnu tools arm embedded/8 2019-q3-update/bin/../lib/gcc/arm-none-eabi/8.3.1/thumb/v7-m/nofp\libgcc.a(_arm_addsubsf3.o)
__aeabi_fsub                                      c:/program files (x86)/gnu tools arm embedded/8 2019-q3-update/bin/../lib/gcc/arm-none-eabi/8.3.1/thumb/v7-m/nofp\libgcc.a(_arm_addsubsf3.o)
                                                  build/pid.o
                                                  build/main.o
__aeabi_i2f                                       c:/program files (x86)/gnu tools arm embedded/8 2019-q3-update/bin/../lib/gcc/arm-none-eabi/8.3.1/thumb/v7-m/nofp\libgcc.a(_arm_addsubsf3.o)
                                                  build/main.o
__aeabi_l2f                                       c:/program files (x86)/gnu tools arm embedded/8 2019-q3-update/bin/../lib/gcc/arm-none-eabi/8.3.1/thumb/v7-m/nofp\libgcc.a(_arm_addsubsf3.o)
__aeabi_ui2f                                      c:/program files (x86)/gnu tools arm embedded/8 2019-q3-update/bin/../lib/gcc/arm-none-eabi/8.3.1/thumb/v7-m/nofp\libgcc.a(_arm_addsubsf3.o)
                                                  build/main.o
__aeabi_ul2f                                      c:/program files (x86)/gnu tools arm embedded/8 2019-q3-update/bin/../lib/gcc/arm-none-eabi/8.3.1/thumb/v7-m/nofp\libgcc.a(_arm_addsubsf3.o)
__bss_end__                                       c:/program files (x86)/gnu tools arm embedded/8 2019-q3-update/bin/../lib/gcc/arm-none-eabi/8.3.1/../../../../arm-none-eabi/lib/thumb/v7-m/nofp/crt0.o
__bss_start__                                     c:/program files (x86)/gnu tools arm embedded/8 2019-q3-update/bin/../lib/gcc/arm-none-eabi/8.3.1/../../../../arm-none-eabi/lib/thumb/v7-m/nofp/crt0.o
__call_exitprocs                                  c:/program files (x86)/gnu tools arm embedded/8 2019-q3-update/bin/../lib/gcc/arm-none-eabi/8.3.1/../../../../arm-none-eabi/lib/thumb/v7-m/nofp\libc_nano.a(lib_a-exit.o)
__cmpsf2                                          c:/program files (x86)/gnu tools arm embedded/8 2019-q3-update/bin/../lib/gcc/arm-none-eabi/8.3.1/thumb/v7-m/nofp\libgcc.a(_arm_cmpsf2.o)
__deregister_frame_info                           c:/program files (x86)/gnu tools arm embedded/8 2019-q3-update/bin/../lib/gcc/arm-none-eabi/8.3.1/thumb/v7-m/nofp/crtbegin.o
__divsf3                                          c:/program files (x86)/gnu tools arm embedded/8 2019-q3-update/bin/../lib/gcc/arm-none-eabi/8.3.1/thumb/v7-m/nofp\libgcc.a(_arm_muldivsf3.o)
__dso_handle                                      c:/program files (x86)/gnu tools arm embedded/8 2019-q3-update/bin/../lib/gcc/arm-none-eabi/8.3.1/thumb/v7-m/nofp/crtbegin.o
__eqsf2                                           c:/program files (x86)/gnu tools arm embedded/8 2019-q3-update/bin/../lib/gcc/arm-none-eabi/8.3.1/thumb/v7-m/nofp\libgcc.a(_arm_cmpsf2.o)
__fixsfsi                                         c:/program files (x86)/gnu tools arm embedded/8 2019-q3-update/bin/../lib/gcc/arm-none-eabi/8.3.1/thumb/v7-m/nofp\libgcc.a(_arm_fixsfsi.o)
__fixunssfsi                                      c:/program files (x86)/gnu tools arm embedded/8 2019-q3-update/bin/../lib/gcc/arm-none-eabi/8.3.1/thumb/v7-m/nofp\libgcc.a(_arm_fixunssfsi.o)
__floatdisf                                       c:/program files (x86)/gnu tools arm embedded/8 2019-q3-update/bin/../lib/gcc/arm-none-eabi/8.3.1/thumb/v7-m/nofp\libgcc.a(_arm_addsubsf3.o)
__floatsisf                                       c:/program files (x86)/gnu tools arm embedded/8 2019-q3-update/bin/../lib/gcc/arm-none-eabi/8.3.1/thumb/v7-m/nofp\libgcc.a(_arm_addsubsf3.o)
__floatundisf                                     c:/program files (x86)/gnu tools arm embedded/8 2019-q3-update/bin/../lib/gcc/arm-none-eabi/8.3.1/thumb/v7-m/nofp\libgcc.a(_arm_addsubsf3.o)
__floatunsisf                                     c:/program files (x86)/gnu tools arm embedded/8 2019-q3-update/bin/../lib/gcc/arm-none-eabi/8.3.1/thumb/v7-m/nofp\libgcc.a(_arm_addsubsf3.o)
__fp_lock_all                                     c:/program files (x86)/gnu tools arm embedded/8 2019-q3-update/bin/../lib/gcc/arm-none-eabi/8.3.1/../../../../arm-none-eabi/lib/thumb/v7-m/nofp\libc_nano.a(lib_a-findfp.o)
__fp_unlock_all                                   c:/program files (x86)/gnu tools arm embedded/8 2019-q3-update/bin/../lib/gcc/arm-none-eabi/8.3.1/../../../../arm-none-eabi/lib/thumb/v7-m/nofp\libc_nano.a(lib_a-findfp.o)
__gesf2                                           c:/program files (x86)/gnu tools arm embedded/8 2019-q3-update/bin/../lib/gcc/arm-none-eabi/8.3.1/thumb/v7-m/nofp\libgcc.a(_arm_cmpsf2.o)
__gtsf2                                           c:/program files (x86)/gnu tools arm embedded/8 2019-q3-update/bin/../lib/gcc/arm-none-eabi/8.3.1/thumb/v7-m/nofp\libgcc.a(_arm_cmpsf2.o)
__init_array_end                                  c:/program files (x86)/gnu tools arm embedded/8 2019-q3-update/bin/../lib/gcc/arm-none-eabi/8.3.1/../../../../arm-none-eabi/lib/thumb/v7-m/nofp\libc_nano.a(lib_a-init.o)
__init_array_start                                c:/program files (x86)/gnu tools arm embedded/8 2019-q3-update/bin/../lib/gcc/arm-none-eabi/8.3.1/../../../../arm-none-eabi/lib/thumb/v7-m/nofp\libc_nano.a(lib_a-init.o)
__lesf2                                           c:/program files (x86)/gnu tools arm embedded/8 2019-q3-update/bin/../lib/gcc/arm-none-eabi/8.3.1/thumb/v7-m/nofp\libgcc.a(_arm_cmpsf2.o)
__libc_fini_array                                 c:/program files (x86)/gnu tools arm embedded/8 2019-q3-update/bin/../lib/gcc/arm-none-eabi/8.3.1/../../../../arm-none-eabi/lib/thumb/v7-m/nofp/crt0.o
__libc_init_array                                 c:/program files (x86)/gnu tools arm embedded/8 2019-q3-update/bin/../lib/gcc/arm-none-eabi/8.3.1/../../../../arm-none-eabi/lib/thumb/v7-m/nofp\libc_nano.a(lib_a-init.o)
                                                  build/startup_stm32f103xb.o
                                                  c:/program files (x86)/gnu tools arm embedded/8 2019-q3-update/bin/../lib/gcc/arm-none-eabi/8.3.1/../../../../arm-none-eabi/lib/thumb/v7-m/nofp/crt0.o
__lock___arc4random_mutex                         c:/program files (x86)/gnu tools arm embedded/8 2019-q3-update/bin/../lib/gcc/arm-none-eabi/8.3.1/../../../../arm-none-eabi/lib/thumb/v7-m/nofp\libc_nano.a(lib_a-lock.o)
__lock___at_quick_exit_mutex                      c:/program files (x86)/gnu tools arm embedded/8 2019-q3-update/bin/../lib/gcc/arm-none-eabi/8.3.1/../../../../arm-none-eabi/lib/thumb/v7-m/nofp\libc_nano.a(lib_a-lock.o)
__lock___atexit_recursive_mutex                   c:/program files (x86)/gnu tools arm embedded/8 2019-q3-update/bin/../lib/gcc/arm-none-eabi/8.3.1/../../../../arm-none-eabi/lib/thumb/v7-m/nofp\libc_nano.a(lib_a-lock.o)
__lock___dd_hash_mutex                            c:/program files (x86)/gnu tools arm embedded/8 2019-q3-update/bin/../lib/gcc/arm-none-eabi/8.3.1/../../../../arm-none-eabi/lib/thumb/v7-m/nofp\libc_nano.a(lib_a-lock.o)
__lock___env_recursive_mutex                      c:/program files (x86)/gnu tools arm embedded/8 2019-q3-update/bin/../lib/gcc/arm-none-eabi/8.3.1/../../../../arm-none-eabi/lib/thumb/v7-m/nofp\libc_nano.a(lib_a-lock.o)
__lock___malloc_recursive_mutex                   c:/program files (x86)/gnu tools arm embedded/8 2019-q3-update/bin/../lib/gcc/arm-none-eabi/8.3.1/../../../../arm-none-eabi/lib/thumb/v7-m/nofp\libc_nano.a(lib_a-lock.o)
                                                  c:/program files (x86)/gnu tools arm embedded/8 2019-q3-update/bin/../lib/gcc/arm-none-eabi/8.3.1/../../../../arm-none-eabi/lib/thumb/v7-m/nofp\libc_nano.a(lib_a-mlock.o)